
ERROR 2021-05-06 01:28:37,583 log 24988 11888 Internal Server Error: /en/a0P04000000GGHQEA4/
Traceback (most recent call last):
  File "C:\Users\vsevo\.virtualenvs\kiwapower_web_proposal-4V7KCttA\lib\site-packages\django\core\handlers\exception.py", line 47, in inner
    response = get_response(request)
  File "C:\Users\vsevo\.virtualenvs\kiwapower_web_proposal-4V7KCttA\lib\site-packages\django\core\handlers\base.py", line 181, in _get_response
    response = wrapped_callback(request, *callback_args, **callback_kwargs)
  File "C:\Users\vsevo\.virtualenvs\kiwapower_web_proposal-4V7KCttA\lib\site-packages\django\views\generic\base.py", line 70, in view
    return self.dispatch(request, *args, **kwargs)
  File "C:\Users\vsevo\.virtualenvs\kiwapower_web_proposal-4V7KCttA\lib\site-packages\django\views\generic\base.py", line 98, in dispatch
    return handler(request, *args, **kwargs)
  File "F:\workspace\django\kiwapower_web_proposal\proposal\views.py", line 37, in post
    services.additional_trusted_email_confirmation(request, proposal_id)
  File "F:\workspace\django\kiwapower_web_proposal\proposal\services.py", line 500, in additional_trusted_email_confirmation
    client_ip = request.META['HTTP_X_REAL_IP']
KeyError: 'HTTP_X_REAL_IP'
ERROR 2021-05-06 01:28:37,724 basehttp 24988 11888 "POST /en/a0P04000000GGHQEA4/ HTTP/1.1" 500 3053
WARNING 2021-05-06 21:25:48,135 log 19448 25212 Not Found: /static/assets/js/main.js
WARNING 2021-05-06 21:25:48,170 basehttp 19448 25212 "GET /static/assets/js/main.js HTTP/1.1" 404 3141
WARNING 2021-05-06 21:25:48,238 log 19448 22400 Not Found: /static/assets/css/style.css
WARNING 2021-05-06 21:25:48,239 basehttp 19448 22400 "GET /static/assets/css/style.css HTTP/1.1" 404 3141
WARNING 2021-05-06 21:25:48,414 log 19448 22400 Not Found: /static/assets/js/main.js
WARNING 2021-05-06 21:25:48,415 basehttp 19448 22400 "GET /static/assets/js/main.js HTTP/1.1" 404 3141
WARNING 2021-05-06 21:25:48,549 log 19448 22400 Not Found: /static/assets/img/favicon.ico
WARNING 2021-05-06 21:25:48,550 basehttp 19448 22400 "GET /static/assets/img/favicon.ico HTTP/1.1" 404 3141
WARNING 2021-05-06 21:26:13,142 log 19448 22400 Not Found: /static/assets/css/style.css
WARNING 2021-05-06 21:26:13,142 basehttp 19448 22400 "GET /static/assets/css/style.css HTTP/1.1" 404 3141
WARNING 2021-05-06 21:26:13,165 log 19448 25212 Not Found: /static/assets/js/main.js
WARNING 2021-05-06 21:26:13,166 basehttp 19448 25212 "GET /static/assets/js/main.js HTTP/1.1" 404 3141
WARNING 2021-05-06 21:26:24,605 log 19448 25212 Not Found: /static/assets/css/style.css
WARNING 2021-05-06 21:26:24,605 basehttp 19448 25212 "GET /static/assets/css/style.css HTTP/1.1" 404 3141
WARNING 2021-05-06 21:26:24,611 log 19448 22400 Not Found: /static/assets/js/main.js
WARNING 2021-05-06 21:26:24,611 basehttp 19448 22400 "GET /static/assets/js/main.js HTTP/1.1" 404 3141
WARNING 2021-05-06 21:26:28,183 log 19448 25212 Not Found: /static/assets/js/main.js
WARNING 2021-05-06 21:26:28,184 basehttp 19448 25212 "GET /static/assets/js/main.js HTTP/1.1" 404 3141
WARNING 2021-05-06 21:26:28,185 log 19448 22400 Not Found: /static/assets/css/style.css
WARNING 2021-05-06 21:26:28,186 basehttp 19448 22400 "GET /static/assets/css/style.css HTTP/1.1" 404 3141
WARNING 2021-05-06 21:26:28,258 log 19448 22400 Not Found: /static/assets/js/main.js
WARNING 2021-05-06 21:26:28,258 basehttp 19448 22400 "GET /static/assets/js/main.js HTTP/1.1" 404 3141
WARNING 2021-05-06 21:26:29,272 log 19448 22400 Not Found: /static/assets/css/style.css
WARNING 2021-05-06 21:26:29,273 basehttp 19448 22400 "GET /static/assets/css/style.css HTTP/1.1" 404 3141
WARNING 2021-05-06 21:26:29,290 log 19448 25212 Not Found: /static/assets/js/main.js
WARNING 2021-05-06 21:26:29,291 basehttp 19448 25212 "GET /static/assets/js/main.js HTTP/1.1" 404 3141
WARNING 2021-05-06 21:26:30,892 log 19448 25212 Not Found: /static/assets/css/style.css
WARNING 2021-05-06 21:26:30,893 basehttp 19448 25212 "GET /static/assets/css/style.css HTTP/1.1" 404 3141
WARNING 2021-05-06 21:26:30,906 log 19448 22400 Not Found: /static/assets/js/main.js
WARNING 2021-05-06 21:26:30,907 basehttp 19448 22400 "GET /static/assets/js/main.js HTTP/1.1" 404 3141
WARNING 2021-05-06 21:26:36,537 log 19448 22400 Not Found: /static/assets/css/style.css
WARNING 2021-05-06 21:26:36,537 basehttp 19448 22400 "GET /static/assets/css/style.css HTTP/1.1" 404 3141
WARNING 2021-05-06 21:26:36,543 log 19448 25212 Not Found: /static/assets/js/main.js
WARNING 2021-05-06 21:26:36,543 basehttp 19448 25212 "GET /static/assets/js/main.js HTTP/1.1" 404 3141
ERROR 2021-05-07 19:54:00,386 log 25088 16536 Internal Server Error: /en/a0P04000000ERUrEAO/
Traceback (most recent call last):
  File "C:\Users\vsevo\.virtualenvs\kiwapower_web_proposal-4V7KCttA\lib\site-packages\django\core\handlers\exception.py", line 47, in inner
    response = get_response(request)
  File "C:\Users\vsevo\.virtualenvs\kiwapower_web_proposal-4V7KCttA\lib\site-packages\django\core\handlers\base.py", line 181, in _get_response
    response = wrapped_callback(request, *callback_args, **callback_kwargs)
  File "C:\Users\vsevo\.virtualenvs\kiwapower_web_proposal-4V7KCttA\lib\site-packages\django\views\generic\base.py", line 70, in view
    return self.dispatch(request, *args, **kwargs)
  File "C:\Users\vsevo\.virtualenvs\kiwapower_web_proposal-4V7KCttA\lib\site-packages\django\views\generic\base.py", line 98, in dispatch
    return handler(request, *args, **kwargs)
  File "F:\workspace\django\kiwapower_web_proposal\proposal\services.py", line 32, in clocked
    result = func(*args, **kwargs)  # вызов декорированной функции
  File "F:\workspace\django\kiwapower_web_proposal\proposal\views.py", line 18, in get
    proposal = services.get_proposal(proposal_id)
  File "F:\workspace\django\kiwapower_web_proposal\proposal\services.py", line 55, in _wrapped
    return f(*args, **kwargs)
  File "F:\workspace\django\kiwapower_web_proposal\proposal\services.py", line 112, in get_proposal
    error = response[0]['errorCode']
KeyError: 0
ERROR 2021-05-07 19:54:00,401 basehttp 25088 16536 "GET /en/a0P04000000ERUrEAO/ HTTP/1.1" 500 92118
ERROR 2021-05-07 19:54:01,841 log 25088 13072 Internal Server Error: /en/favicon.ico/
Traceback (most recent call last):
  File "C:\Users\vsevo\.virtualenvs\kiwapower_web_proposal-4V7KCttA\lib\site-packages\django\db\models\query.py", line 581, in get_or_create
    return self.get(**kwargs), False
  File "C:\Users\vsevo\.virtualenvs\kiwapower_web_proposal-4V7KCttA\lib\site-packages\django\db\models\query.py", line 435, in get
    raise self.model.DoesNotExist(
proposal.models.Session.DoesNotExist: Session matching query does not exist.

During handling of the above exception, another exception occurred:

Traceback (most recent call last):
  File "C:\Users\vsevo\.virtualenvs\kiwapower_web_proposal-4V7KCttA\lib\site-packages\django\db\backends\utils.py", line 84, in _execute
    return self.cursor.execute(sql, params)
psycopg2.errors.NotNullViolation: ОШИБКА:  значение NULL в столбце "client_ip" отношения "proposal_session" нарушает ограничение NOT NULL
DETAIL:  Ошибочная строка содержит (103, 2021-05-07 16:54:01.558305+00, 2021-05-07 16:54:01.558305+00, favicon.ico, f, null, null, f, null, f, Trying to access a non-existent Proposal., null).


The above exception was the direct cause of the following exception:

Traceback (most recent call last):
  File "C:\Users\vsevo\.virtualenvs\kiwapower_web_proposal-4V7KCttA\lib\site-packages\django\core\handlers\exception.py", line 47, in inner
    response = get_response(request)
  File "C:\Users\vsevo\.virtualenvs\kiwapower_web_proposal-4V7KCttA\lib\site-packages\django\core\handlers\base.py", line 181, in _get_response
    response = wrapped_callback(request, *callback_args, **callback_kwargs)
  File "C:\Users\vsevo\.virtualenvs\kiwapower_web_proposal-4V7KCttA\lib\site-packages\django\views\generic\base.py", line 70, in view
    return self.dispatch(request, *args, **kwargs)
  File "C:\Users\vsevo\.virtualenvs\kiwapower_web_proposal-4V7KCttA\lib\site-packages\django\views\generic\base.py", line 98, in dispatch
    return handler(request, *args, **kwargs)
  File "F:\workspace\django\kiwapower_web_proposal\proposal\services.py", line 32, in clocked
    result = func(*args, **kwargs)  # вызов декорированной функции
  File "F:\workspace\django\kiwapower_web_proposal\proposal\views.py", line 28, in get
    services.create_failed_session_record(request, proposal_id, email, client_ip)
  File "F:\workspace\django\kiwapower_web_proposal\proposal\services.py", line 532, in create_failed_session_record
    Session.objects.get_or_create(
  File "C:\Users\vsevo\.virtualenvs\kiwapower_web_proposal-4V7KCttA\lib\site-packages\django\db\models\manager.py", line 85, in manager_method
    return getattr(self.get_queryset(), name)(*args, **kwargs)
  File "C:\Users\vsevo\.virtualenvs\kiwapower_web_proposal-4V7KCttA\lib\site-packages\django\db\models\query.py", line 588, in get_or_create
    return self.create(**params), True
  File "C:\Users\vsevo\.virtualenvs\kiwapower_web_proposal-4V7KCttA\lib\site-packages\django\db\models\query.py", line 453, in create
    obj.save(force_insert=True, using=self.db)
  File "C:\Users\vsevo\.virtualenvs\kiwapower_web_proposal-4V7KCttA\lib\site-packages\django\db\models\base.py", line 726, in save
    self.save_base(using=using, force_insert=force_insert,
  File "C:\Users\vsevo\.virtualenvs\kiwapower_web_proposal-4V7KCttA\lib\site-packages\django\db\models\base.py", line 763, in save_base
    updated = self._save_table(
  File "C:\Users\vsevo\.virtualenvs\kiwapower_web_proposal-4V7KCttA\lib\site-packages\django\db\models\base.py", line 868, in _save_table
    results = self._do_insert(cls._base_manager, using, fields, returning_fields, raw)
  File "C:\Users\vsevo\.virtualenvs\kiwapower_web_proposal-4V7KCttA\lib\site-packages\django\db\models\base.py", line 906, in _do_insert
    return manager._insert(
  File "C:\Users\vsevo\.virtualenvs\kiwapower_web_proposal-4V7KCttA\lib\site-packages\django\db\models\manager.py", line 85, in manager_method
    return getattr(self.get_queryset(), name)(*args, **kwargs)
  File "C:\Users\vsevo\.virtualenvs\kiwapower_web_proposal-4V7KCttA\lib\site-packages\django\db\models\query.py", line 1270, in _insert
    return query.get_compiler(using=using).execute_sql(returning_fields)
  File "C:\Users\vsevo\.virtualenvs\kiwapower_web_proposal-4V7KCttA\lib\site-packages\django\db\models\sql\compiler.py", line 1410, in execute_sql
    cursor.execute(sql, params)
  File "C:\Users\vsevo\.virtualenvs\kiwapower_web_proposal-4V7KCttA\lib\site-packages\django\db\backends\utils.py", line 98, in execute
    return super().execute(sql, params)
  File "C:\Users\vsevo\.virtualenvs\kiwapower_web_proposal-4V7KCttA\lib\site-packages\django\db\backends\utils.py", line 66, in execute
    return self._execute_with_wrappers(sql, params, many=False, executor=self._execute)
  File "C:\Users\vsevo\.virtualenvs\kiwapower_web_proposal-4V7KCttA\lib\site-packages\django\db\backends\utils.py", line 75, in _execute_with_wrappers
    return executor(sql, params, many, context)
  File "C:\Users\vsevo\.virtualenvs\kiwapower_web_proposal-4V7KCttA\lib\site-packages\django\db\backends\utils.py", line 84, in _execute
    return self.cursor.execute(sql, params)
  File "C:\Users\vsevo\.virtualenvs\kiwapower_web_proposal-4V7KCttA\lib\site-packages\django\db\utils.py", line 90, in __exit__
    raise dj_exc_value.with_traceback(traceback) from exc_value
  File "C:\Users\vsevo\.virtualenvs\kiwapower_web_proposal-4V7KCttA\lib\site-packages\django\db\backends\utils.py", line 84, in _execute
    return self.cursor.execute(sql, params)
django.db.utils.IntegrityError: ОШИБКА:  значение NULL в столбце "client_ip" отношения "proposal_session" нарушает ограничение NOT NULL
DETAIL:  Ошибочная строка содержит (103, 2021-05-07 16:54:01.558305+00, 2021-05-07 16:54:01.558305+00, favicon.ico, f, null, null, f, null, f, Trying to access a non-existent Proposal., null).

ERROR 2021-05-07 19:54:01,847 basehttp 25088 13072 "GET /en/favicon.ico/ HTTP/1.1" 500 191238
ERROR 2021-05-07 19:55:02,442 log 25088 13072 Internal Server Error: /en/a0P04000000/
Traceback (most recent call last):
  File "C:\Users\vsevo\.virtualenvs\kiwapower_web_proposal-4V7KCttA\lib\site-packages\django\db\models\query.py", line 581, in get_or_create
    return self.get(**kwargs), False
  File "C:\Users\vsevo\.virtualenvs\kiwapower_web_proposal-4V7KCttA\lib\site-packages\django\db\models\query.py", line 435, in get
    raise self.model.DoesNotExist(
proposal.models.Session.DoesNotExist: Session matching query does not exist.

During handling of the above exception, another exception occurred:

Traceback (most recent call last):
  File "C:\Users\vsevo\.virtualenvs\kiwapower_web_proposal-4V7KCttA\lib\site-packages\django\db\backends\utils.py", line 84, in _execute
    return self.cursor.execute(sql, params)
psycopg2.errors.NotNullViolation: ОШИБКА:  значение NULL в столбце "client_ip" отношения "proposal_session" нарушает ограничение NOT NULL
DETAIL:  Ошибочная строка содержит (104, 2021-05-07 16:55:02.379198+00, 2021-05-07 16:55:02.379198+00, a0P04000000, f, null, null, f, null, f, Trying to access a non-existent Proposal., null).


The above exception was the direct cause of the following exception:

Traceback (most recent call last):
  File "C:\Users\vsevo\.virtualenvs\kiwapower_web_proposal-4V7KCttA\lib\site-packages\django\core\handlers\exception.py", line 47, in inner
    response = get_response(request)
  File "C:\Users\vsevo\.virtualenvs\kiwapower_web_proposal-4V7KCttA\lib\site-packages\django\core\handlers\base.py", line 181, in _get_response
    response = wrapped_callback(request, *callback_args, **callback_kwargs)
  File "C:\Users\vsevo\.virtualenvs\kiwapower_web_proposal-4V7KCttA\lib\site-packages\django\views\generic\base.py", line 70, in view
    return self.dispatch(request, *args, **kwargs)
  File "C:\Users\vsevo\.virtualenvs\kiwapower_web_proposal-4V7KCttA\lib\site-packages\django\views\generic\base.py", line 98, in dispatch
    return handler(request, *args, **kwargs)
  File "F:\workspace\django\kiwapower_web_proposal\proposal\services.py", line 32, in clocked
    result = func(*args, **kwargs)  # вызов декорированной функции
  File "F:\workspace\django\kiwapower_web_proposal\proposal\views.py", line 28, in get
    services.create_failed_session_record(request, proposal_id, email, client_ip)
  File "F:\workspace\django\kiwapower_web_proposal\proposal\services.py", line 532, in create_failed_session_record
    Session.objects.get_or_create(
  File "C:\Users\vsevo\.virtualenvs\kiwapower_web_proposal-4V7KCttA\lib\site-packages\django\db\models\manager.py", line 85, in manager_method
    return getattr(self.get_queryset(), name)(*args, **kwargs)
  File "C:\Users\vsevo\.virtualenvs\kiwapower_web_proposal-4V7KCttA\lib\site-packages\django\db\models\query.py", line 588, in get_or_create
    return self.create(**params), True
  File "C:\Users\vsevo\.virtualenvs\kiwapower_web_proposal-4V7KCttA\lib\site-packages\django\db\models\query.py", line 453, in create
    obj.save(force_insert=True, using=self.db)
  File "C:\Users\vsevo\.virtualenvs\kiwapower_web_proposal-4V7KCttA\lib\site-packages\django\db\models\base.py", line 726, in save
    self.save_base(using=using, force_insert=force_insert,
  File "C:\Users\vsevo\.virtualenvs\kiwapower_web_proposal-4V7KCttA\lib\site-packages\django\db\models\base.py", line 763, in save_base
    updated = self._save_table(
  File "C:\Users\vsevo\.virtualenvs\kiwapower_web_proposal-4V7KCttA\lib\site-packages\django\db\models\base.py", line 868, in _save_table
    results = self._do_insert(cls._base_manager, using, fields, returning_fields, raw)
  File "C:\Users\vsevo\.virtualenvs\kiwapower_web_proposal-4V7KCttA\lib\site-packages\django\db\models\base.py", line 906, in _do_insert
    return manager._insert(
  File "C:\Users\vsevo\.virtualenvs\kiwapower_web_proposal-4V7KCttA\lib\site-packages\django\db\models\manager.py", line 85, in manager_method
    return getattr(self.get_queryset(), name)(*args, **kwargs)
  File "C:\Users\vsevo\.virtualenvs\kiwapower_web_proposal-4V7KCttA\lib\site-packages\django\db\models\query.py", line 1270, in _insert
    return query.get_compiler(using=using).execute_sql(returning_fields)
  File "C:\Users\vsevo\.virtualenvs\kiwapower_web_proposal-4V7KCttA\lib\site-packages\django\db\models\sql\compiler.py", line 1410, in execute_sql
    cursor.execute(sql, params)
  File "C:\Users\vsevo\.virtualenvs\kiwapower_web_proposal-4V7KCttA\lib\site-packages\django\db\backends\utils.py", line 98, in execute
    return super().execute(sql, params)
  File "C:\Users\vsevo\.virtualenvs\kiwapower_web_proposal-4V7KCttA\lib\site-packages\django\db\backends\utils.py", line 66, in execute
    return self._execute_with_wrappers(sql, params, many=False, executor=self._execute)
  File "C:\Users\vsevo\.virtualenvs\kiwapower_web_proposal-4V7KCttA\lib\site-packages\django\db\backends\utils.py", line 75, in _execute_with_wrappers
    return executor(sql, params, many, context)
  File "C:\Users\vsevo\.virtualenvs\kiwapower_web_proposal-4V7KCttA\lib\site-packages\django\db\backends\utils.py", line 84, in _execute
    return self.cursor.execute(sql, params)
  File "C:\Users\vsevo\.virtualenvs\kiwapower_web_proposal-4V7KCttA\lib\site-packages\django\db\utils.py", line 90, in __exit__
    raise dj_exc_value.with_traceback(traceback) from exc_value
  File "C:\Users\vsevo\.virtualenvs\kiwapower_web_proposal-4V7KCttA\lib\site-packages\django\db\backends\utils.py", line 84, in _execute
    return self.cursor.execute(sql, params)
django.db.utils.IntegrityError: ОШИБКА:  значение NULL в столбце "client_ip" отношения "proposal_session" нарушает ограничение NOT NULL
DETAIL:  Ошибочная строка содержит (104, 2021-05-07 16:55:02.379198+00, 2021-05-07 16:55:02.379198+00, a0P04000000, f, null, null, f, null, f, Trying to access a non-existent Proposal., null).

ERROR 2021-05-07 19:55:02,445 basehttp 25088 13072 "GET /en/a0P04000000/ HTTP/1.1" 500 191147
ERROR 2021-05-07 19:55:02,730 log 25088 24568 Internal Server Error: /en/favicon.ico/
Traceback (most recent call last):
  File "C:\Users\vsevo\.virtualenvs\kiwapower_web_proposal-4V7KCttA\lib\site-packages\django\db\models\query.py", line 581, in get_or_create
    return self.get(**kwargs), False
  File "C:\Users\vsevo\.virtualenvs\kiwapower_web_proposal-4V7KCttA\lib\site-packages\django\db\models\query.py", line 435, in get
    raise self.model.DoesNotExist(
proposal.models.Session.DoesNotExist: Session matching query does not exist.

During handling of the above exception, another exception occurred:

Traceback (most recent call last):
  File "C:\Users\vsevo\.virtualenvs\kiwapower_web_proposal-4V7KCttA\lib\site-packages\django\db\backends\utils.py", line 84, in _execute
    return self.cursor.execute(sql, params)
psycopg2.errors.NotNullViolation: ОШИБКА:  значение NULL в столбце "client_ip" отношения "proposal_session" нарушает ограничение NOT NULL
DETAIL:  Ошибочная строка содержит (105, 2021-05-07 16:55:02.667439+00, 2021-05-07 16:55:02.667439+00, favicon.ico, f, null, null, f, null, f, Trying to access a non-existent Proposal., null).


The above exception was the direct cause of the following exception:

Traceback (most recent call last):
  File "C:\Users\vsevo\.virtualenvs\kiwapower_web_proposal-4V7KCttA\lib\site-packages\django\core\handlers\exception.py", line 47, in inner
    response = get_response(request)
  File "C:\Users\vsevo\.virtualenvs\kiwapower_web_proposal-4V7KCttA\lib\site-packages\django\core\handlers\base.py", line 181, in _get_response
    response = wrapped_callback(request, *callback_args, **callback_kwargs)
  File "C:\Users\vsevo\.virtualenvs\kiwapower_web_proposal-4V7KCttA\lib\site-packages\django\views\generic\base.py", line 70, in view
    return self.dispatch(request, *args, **kwargs)
  File "C:\Users\vsevo\.virtualenvs\kiwapower_web_proposal-4V7KCttA\lib\site-packages\django\views\generic\base.py", line 98, in dispatch
    return handler(request, *args, **kwargs)
  File "F:\workspace\django\kiwapower_web_proposal\proposal\services.py", line 32, in clocked
    result = func(*args, **kwargs)  # вызов декорированной функции
  File "F:\workspace\django\kiwapower_web_proposal\proposal\views.py", line 28, in get
    services.create_failed_session_record(request, proposal_id, email, client_ip)
  File "F:\workspace\django\kiwapower_web_proposal\proposal\services.py", line 532, in create_failed_session_record
    Session.objects.get_or_create(
  File "C:\Users\vsevo\.virtualenvs\kiwapower_web_proposal-4V7KCttA\lib\site-packages\django\db\models\manager.py", line 85, in manager_method
    return getattr(self.get_queryset(), name)(*args, **kwargs)
  File "C:\Users\vsevo\.virtualenvs\kiwapower_web_proposal-4V7KCttA\lib\site-packages\django\db\models\query.py", line 588, in get_or_create
    return self.create(**params), True
  File "C:\Users\vsevo\.virtualenvs\kiwapower_web_proposal-4V7KCttA\lib\site-packages\django\db\models\query.py", line 453, in create
    obj.save(force_insert=True, using=self.db)
  File "C:\Users\vsevo\.virtualenvs\kiwapower_web_proposal-4V7KCttA\lib\site-packages\django\db\models\base.py", line 726, in save
    self.save_base(using=using, force_insert=force_insert,
  File "C:\Users\vsevo\.virtualenvs\kiwapower_web_proposal-4V7KCttA\lib\site-packages\django\db\models\base.py", line 763, in save_base
    updated = self._save_table(
  File "C:\Users\vsevo\.virtualenvs\kiwapower_web_proposal-4V7KCttA\lib\site-packages\django\db\models\base.py", line 868, in _save_table
    results = self._do_insert(cls._base_manager, using, fields, returning_fields, raw)
  File "C:\Users\vsevo\.virtualenvs\kiwapower_web_proposal-4V7KCttA\lib\site-packages\django\db\models\base.py", line 906, in _do_insert
    return manager._insert(
  File "C:\Users\vsevo\.virtualenvs\kiwapower_web_proposal-4V7KCttA\lib\site-packages\django\db\models\manager.py", line 85, in manager_method
    return getattr(self.get_queryset(), name)(*args, **kwargs)
  File "C:\Users\vsevo\.virtualenvs\kiwapower_web_proposal-4V7KCttA\lib\site-packages\django\db\models\query.py", line 1270, in _insert
    return query.get_compiler(using=using).execute_sql(returning_fields)
  File "C:\Users\vsevo\.virtualenvs\kiwapower_web_proposal-4V7KCttA\lib\site-packages\django\db\models\sql\compiler.py", line 1410, in execute_sql
    cursor.execute(sql, params)
  File "C:\Users\vsevo\.virtualenvs\kiwapower_web_proposal-4V7KCttA\lib\site-packages\django\db\backends\utils.py", line 98, in execute
    return super().execute(sql, params)
  File "C:\Users\vsevo\.virtualenvs\kiwapower_web_proposal-4V7KCttA\lib\site-packages\django\db\backends\utils.py", line 66, in execute
    return self._execute_with_wrappers(sql, params, many=False, executor=self._execute)
  File "C:\Users\vsevo\.virtualenvs\kiwapower_web_proposal-4V7KCttA\lib\site-packages\django\db\backends\utils.py", line 75, in _execute_with_wrappers
    return executor(sql, params, many, context)
  File "C:\Users\vsevo\.virtualenvs\kiwapower_web_proposal-4V7KCttA\lib\site-packages\django\db\backends\utils.py", line 84, in _execute
    return self.cursor.execute(sql, params)
  File "C:\Users\vsevo\.virtualenvs\kiwapower_web_proposal-4V7KCttA\lib\site-packages\django\db\utils.py", line 90, in __exit__
    raise dj_exc_value.with_traceback(traceback) from exc_value
  File "C:\Users\vsevo\.virtualenvs\kiwapower_web_proposal-4V7KCttA\lib\site-packages\django\db\backends\utils.py", line 84, in _execute
    return self.cursor.execute(sql, params)
django.db.utils.IntegrityError: ОШИБКА:  значение NULL в столбце "client_ip" отношения "proposal_session" нарушает ограничение NOT NULL
DETAIL:  Ошибочная строка содержит (105, 2021-05-07 16:55:02.667439+00, 2021-05-07 16:55:02.667439+00, favicon.ico, f, null, null, f, null, f, Trying to access a non-existent Proposal., null).

ERROR 2021-05-07 19:55:02,735 basehttp 25088 24568 "GET /en/favicon.ico/ HTTP/1.1" 500 190966
ERROR 2021-05-07 19:55:08,015 log 25088 24568 Internal Server Error: /en/a0P04000000/
Traceback (most recent call last):
  File "C:\Users\vsevo\.virtualenvs\kiwapower_web_proposal-4V7KCttA\lib\site-packages\django\db\models\query.py", line 581, in get_or_create
    return self.get(**kwargs), False
  File "C:\Users\vsevo\.virtualenvs\kiwapower_web_proposal-4V7KCttA\lib\site-packages\django\db\models\query.py", line 435, in get
    raise self.model.DoesNotExist(
proposal.models.Session.DoesNotExist: Session matching query does not exist.

During handling of the above exception, another exception occurred:

Traceback (most recent call last):
  File "C:\Users\vsevo\.virtualenvs\kiwapower_web_proposal-4V7KCttA\lib\site-packages\django\db\backends\utils.py", line 84, in _execute
    return self.cursor.execute(sql, params)
psycopg2.errors.NotNullViolation: ОШИБКА:  значение NULL в столбце "client_ip" отношения "proposal_session" нарушает ограничение NOT NULL
DETAIL:  Ошибочная строка содержит (106, 2021-05-07 16:55:07.953785+00, 2021-05-07 16:55:07.953785+00, a0P04000000, f, null, null, f, null, f, Trying to access a non-existent Proposal., null).


The above exception was the direct cause of the following exception:

Traceback (most recent call last):
  File "C:\Users\vsevo\.virtualenvs\kiwapower_web_proposal-4V7KCttA\lib\site-packages\django\core\handlers\exception.py", line 47, in inner
    response = get_response(request)
  File "C:\Users\vsevo\.virtualenvs\kiwapower_web_proposal-4V7KCttA\lib\site-packages\django\core\handlers\base.py", line 181, in _get_response
    response = wrapped_callback(request, *callback_args, **callback_kwargs)
  File "C:\Users\vsevo\.virtualenvs\kiwapower_web_proposal-4V7KCttA\lib\site-packages\django\views\generic\base.py", line 70, in view
    return self.dispatch(request, *args, **kwargs)
  File "C:\Users\vsevo\.virtualenvs\kiwapower_web_proposal-4V7KCttA\lib\site-packages\django\views\generic\base.py", line 98, in dispatch
    return handler(request, *args, **kwargs)
  File "F:\workspace\django\kiwapower_web_proposal\proposal\services.py", line 32, in clocked
    result = func(*args, **kwargs)  # вызов декорированной функции
  File "F:\workspace\django\kiwapower_web_proposal\proposal\views.py", line 28, in get
    services.create_failed_session_record(request, proposal_id, email, client_ip)
  File "F:\workspace\django\kiwapower_web_proposal\proposal\services.py", line 532, in create_failed_session_record
    Session.objects.get_or_create(
  File "C:\Users\vsevo\.virtualenvs\kiwapower_web_proposal-4V7KCttA\lib\site-packages\django\db\models\manager.py", line 85, in manager_method
    return getattr(self.get_queryset(), name)(*args, **kwargs)
  File "C:\Users\vsevo\.virtualenvs\kiwapower_web_proposal-4V7KCttA\lib\site-packages\django\db\models\query.py", line 588, in get_or_create
    return self.create(**params), True
  File "C:\Users\vsevo\.virtualenvs\kiwapower_web_proposal-4V7KCttA\lib\site-packages\django\db\models\query.py", line 453, in create
    obj.save(force_insert=True, using=self.db)
  File "C:\Users\vsevo\.virtualenvs\kiwapower_web_proposal-4V7KCttA\lib\site-packages\django\db\models\base.py", line 726, in save
    self.save_base(using=using, force_insert=force_insert,
  File "C:\Users\vsevo\.virtualenvs\kiwapower_web_proposal-4V7KCttA\lib\site-packages\django\db\models\base.py", line 763, in save_base
    updated = self._save_table(
  File "C:\Users\vsevo\.virtualenvs\kiwapower_web_proposal-4V7KCttA\lib\site-packages\django\db\models\base.py", line 868, in _save_table
    results = self._do_insert(cls._base_manager, using, fields, returning_fields, raw)
  File "C:\Users\vsevo\.virtualenvs\kiwapower_web_proposal-4V7KCttA\lib\site-packages\django\db\models\base.py", line 906, in _do_insert
    return manager._insert(
  File "C:\Users\vsevo\.virtualenvs\kiwapower_web_proposal-4V7KCttA\lib\site-packages\django\db\models\manager.py", line 85, in manager_method
    return getattr(self.get_queryset(), name)(*args, **kwargs)
  File "C:\Users\vsevo\.virtualenvs\kiwapower_web_proposal-4V7KCttA\lib\site-packages\django\db\models\query.py", line 1270, in _insert
    return query.get_compiler(using=using).execute_sql(returning_fields)
  File "C:\Users\vsevo\.virtualenvs\kiwapower_web_proposal-4V7KCttA\lib\site-packages\django\db\models\sql\compiler.py", line 1410, in execute_sql
    cursor.execute(sql, params)
  File "C:\Users\vsevo\.virtualenvs\kiwapower_web_proposal-4V7KCttA\lib\site-packages\django\db\backends\utils.py", line 98, in execute
    return super().execute(sql, params)
  File "C:\Users\vsevo\.virtualenvs\kiwapower_web_proposal-4V7KCttA\lib\site-packages\django\db\backends\utils.py", line 66, in execute
    return self._execute_with_wrappers(sql, params, many=False, executor=self._execute)
  File "C:\Users\vsevo\.virtualenvs\kiwapower_web_proposal-4V7KCttA\lib\site-packages\django\db\backends\utils.py", line 75, in _execute_with_wrappers
    return executor(sql, params, many, context)
  File "C:\Users\vsevo\.virtualenvs\kiwapower_web_proposal-4V7KCttA\lib\site-packages\django\db\backends\utils.py", line 84, in _execute
    return self.cursor.execute(sql, params)
  File "C:\Users\vsevo\.virtualenvs\kiwapower_web_proposal-4V7KCttA\lib\site-packages\django\db\utils.py", line 90, in __exit__
    raise dj_exc_value.with_traceback(traceback) from exc_value
  File "C:\Users\vsevo\.virtualenvs\kiwapower_web_proposal-4V7KCttA\lib\site-packages\django\db\backends\utils.py", line 84, in _execute
    return self.cursor.execute(sql, params)
django.db.utils.IntegrityError: ОШИБКА:  значение NULL в столбце "client_ip" отношения "proposal_session" нарушает ограничение NOT NULL
DETAIL:  Ошибочная строка содержит (106, 2021-05-07 16:55:07.953785+00, 2021-05-07 16:55:07.953785+00, a0P04000000, f, null, null, f, null, f, Trying to access a non-existent Proposal., null).

ERROR 2021-05-07 19:55:08,022 basehttp 25088 24568 "GET /en/a0P04000000/ HTTP/1.1" 500 191284
ERROR 2021-05-07 19:55:08,279 log 25088 18828 Internal Server Error: /en/favicon.ico/
Traceback (most recent call last):
  File "C:\Users\vsevo\.virtualenvs\kiwapower_web_proposal-4V7KCttA\lib\site-packages\django\db\models\query.py", line 581, in get_or_create
    return self.get(**kwargs), False
  File "C:\Users\vsevo\.virtualenvs\kiwapower_web_proposal-4V7KCttA\lib\site-packages\django\db\models\query.py", line 435, in get
    raise self.model.DoesNotExist(
proposal.models.Session.DoesNotExist: Session matching query does not exist.

During handling of the above exception, another exception occurred:

Traceback (most recent call last):
  File "C:\Users\vsevo\.virtualenvs\kiwapower_web_proposal-4V7KCttA\lib\site-packages\django\db\backends\utils.py", line 84, in _execute
    return self.cursor.execute(sql, params)
psycopg2.errors.NotNullViolation: ОШИБКА:  значение NULL в столбце "client_ip" отношения "proposal_session" нарушает ограничение NOT NULL
DETAIL:  Ошибочная строка содержит (107, 2021-05-07 16:55:08.207764+00, 2021-05-07 16:55:08.207764+00, favicon.ico, f, null, null, f, null, f, Trying to access a non-existent Proposal., null).


The above exception was the direct cause of the following exception:

Traceback (most recent call last):
  File "C:\Users\vsevo\.virtualenvs\kiwapower_web_proposal-4V7KCttA\lib\site-packages\django\core\handlers\exception.py", line 47, in inner
    response = get_response(request)
  File "C:\Users\vsevo\.virtualenvs\kiwapower_web_proposal-4V7KCttA\lib\site-packages\django\core\handlers\base.py", line 181, in _get_response
    response = wrapped_callback(request, *callback_args, **callback_kwargs)
  File "C:\Users\vsevo\.virtualenvs\kiwapower_web_proposal-4V7KCttA\lib\site-packages\django\views\generic\base.py", line 70, in view
    return self.dispatch(request, *args, **kwargs)
  File "C:\Users\vsevo\.virtualenvs\kiwapower_web_proposal-4V7KCttA\lib\site-packages\django\views\generic\base.py", line 98, in dispatch
    return handler(request, *args, **kwargs)
  File "F:\workspace\django\kiwapower_web_proposal\proposal\services.py", line 32, in clocked
    result = func(*args, **kwargs)  # вызов декорированной функции
  File "F:\workspace\django\kiwapower_web_proposal\proposal\views.py", line 28, in get
    services.create_failed_session_record(request, proposal_id, email, client_ip)
  File "F:\workspace\django\kiwapower_web_proposal\proposal\services.py", line 532, in create_failed_session_record
    Session.objects.get_or_create(
  File "C:\Users\vsevo\.virtualenvs\kiwapower_web_proposal-4V7KCttA\lib\site-packages\django\db\models\manager.py", line 85, in manager_method
    return getattr(self.get_queryset(), name)(*args, **kwargs)
  File "C:\Users\vsevo\.virtualenvs\kiwapower_web_proposal-4V7KCttA\lib\site-packages\django\db\models\query.py", line 588, in get_or_create
    return self.create(**params), True
  File "C:\Users\vsevo\.virtualenvs\kiwapower_web_proposal-4V7KCttA\lib\site-packages\django\db\models\query.py", line 453, in create
    obj.save(force_insert=True, using=self.db)
  File "C:\Users\vsevo\.virtualenvs\kiwapower_web_proposal-4V7KCttA\lib\site-packages\django\db\models\base.py", line 726, in save
    self.save_base(using=using, force_insert=force_insert,
  File "C:\Users\vsevo\.virtualenvs\kiwapower_web_proposal-4V7KCttA\lib\site-packages\django\db\models\base.py", line 763, in save_base
    updated = self._save_table(
  File "C:\Users\vsevo\.virtualenvs\kiwapower_web_proposal-4V7KCttA\lib\site-packages\django\db\models\base.py", line 868, in _save_table
    results = self._do_insert(cls._base_manager, using, fields, returning_fields, raw)
  File "C:\Users\vsevo\.virtualenvs\kiwapower_web_proposal-4V7KCttA\lib\site-packages\django\db\models\base.py", line 906, in _do_insert
    return manager._insert(
  File "C:\Users\vsevo\.virtualenvs\kiwapower_web_proposal-4V7KCttA\lib\site-packages\django\db\models\manager.py", line 85, in manager_method
    return getattr(self.get_queryset(), name)(*args, **kwargs)
  File "C:\Users\vsevo\.virtualenvs\kiwapower_web_proposal-4V7KCttA\lib\site-packages\django\db\models\query.py", line 1270, in _insert
    return query.get_compiler(using=using).execute_sql(returning_fields)
  File "C:\Users\vsevo\.virtualenvs\kiwapower_web_proposal-4V7KCttA\lib\site-packages\django\db\models\sql\compiler.py", line 1410, in execute_sql
    cursor.execute(sql, params)
  File "C:\Users\vsevo\.virtualenvs\kiwapower_web_proposal-4V7KCttA\lib\site-packages\django\db\backends\utils.py", line 98, in execute
    return super().execute(sql, params)
  File "C:\Users\vsevo\.virtualenvs\kiwapower_web_proposal-4V7KCttA\lib\site-packages\django\db\backends\utils.py", line 66, in execute
    return self._execute_with_wrappers(sql, params, many=False, executor=self._execute)
  File "C:\Users\vsevo\.virtualenvs\kiwapower_web_proposal-4V7KCttA\lib\site-packages\django\db\backends\utils.py", line 75, in _execute_with_wrappers
    return executor(sql, params, many, context)
  File "C:\Users\vsevo\.virtualenvs\kiwapower_web_proposal-4V7KCttA\lib\site-packages\django\db\backends\utils.py", line 84, in _execute
    return self.cursor.execute(sql, params)
  File "C:\Users\vsevo\.virtualenvs\kiwapower_web_proposal-4V7KCttA\lib\site-packages\django\db\utils.py", line 90, in __exit__
    raise dj_exc_value.with_traceback(traceback) from exc_value
  File "C:\Users\vsevo\.virtualenvs\kiwapower_web_proposal-4V7KCttA\lib\site-packages\django\db\backends\utils.py", line 84, in _execute
    return self.cursor.execute(sql, params)
django.db.utils.IntegrityError: ОШИБКА:  значение NULL в столбце "client_ip" отношения "proposal_session" нарушает ограничение NOT NULL
DETAIL:  Ошибочная строка содержит (107, 2021-05-07 16:55:08.207764+00, 2021-05-07 16:55:08.207764+00, favicon.ico, f, null, null, f, null, f, Trying to access a non-existent Proposal., null).

ERROR 2021-05-07 19:55:08,283 basehttp 25088 18828 "GET /en/favicon.ico/ HTTP/1.1" 500 191231
WARNING 2021-05-07 21:30:08,455 log 24012 4036 Not Found: /en/a0P04000000/
WARNING 2021-05-07 21:30:08,456 basehttp 24012 4036 "GET /en/a0P04000000/ HTTP/1.1" 404 2786
WARNING 2021-05-07 21:30:09,817 log 24012 3660 Not Found: /en/favicon.ico/
WARNING 2021-05-07 21:30:09,818 basehttp 24012 3660 "GET /en/favicon.ico/ HTTP/1.1" 404 2786
ERROR 2021-05-07 21:30:14,229 log 24012 3660 Internal Server Error: /en/a0P04000000ERUrEAO/
Traceback (most recent call last):
  File "C:\Users\vsevo\.virtualenvs\kiwapower_web_proposal-4V7KCttA\lib\site-packages\django\core\handlers\exception.py", line 47, in inner
    response = get_response(request)
  File "C:\Users\vsevo\.virtualenvs\kiwapower_web_proposal-4V7KCttA\lib\site-packages\django\core\handlers\base.py", line 181, in _get_response
    response = wrapped_callback(request, *callback_args, **callback_kwargs)
  File "C:\Users\vsevo\.virtualenvs\kiwapower_web_proposal-4V7KCttA\lib\site-packages\django\views\generic\base.py", line 70, in view
    return self.dispatch(request, *args, **kwargs)
  File "C:\Users\vsevo\.virtualenvs\kiwapower_web_proposal-4V7KCttA\lib\site-packages\django\views\generic\base.py", line 98, in dispatch
    return handler(request, *args, **kwargs)
  File "F:\workspace\django\kiwapower_web_proposal\proposal\services.py", line 32, in clocked
    result = func(*args, **kwargs)  # вызов декорированной функции
  File "F:\workspace\django\kiwapower_web_proposal\proposal\views.py", line 18, in get
    proposal = services.get_proposal(proposal_id)
  File "F:\workspace\django\kiwapower_web_proposal\proposal\services.py", line 55, in _wrapped
    return f(*args, **kwargs)
  File "F:\workspace\django\kiwapower_web_proposal\proposal\services.py", line 112, in get_proposal
    error = response[0]['errorCode']
KeyError: 0
ERROR 2021-05-07 21:30:14,231 basehttp 24012 3660 "GET /en/a0P04000000ERUrEAO/ HTTP/1.1" 500 91761
WARNING 2021-05-07 21:34:47,922 log 24684 3584 Not Found: /en/a0P0400000/
WARNING 2021-05-07 21:34:47,922 basehttp 24684 3584 "GET /en/a0P0400000/ HTTP/1.1" 404 2783
ERROR 2021-05-07 21:51:17,825 log 3656 8308 Internal Server Error: /en/a0P04000000ERUrEAO/
Traceback (most recent call last):
  File "C:\Users\vsevo\.virtualenvs\kiwapower_web_proposal-4V7KCttA\lib\site-packages\django\core\handlers\exception.py", line 47, in inner
    response = get_response(request)
  File "C:\Users\vsevo\.virtualenvs\kiwapower_web_proposal-4V7KCttA\lib\site-packages\django\core\handlers\base.py", line 181, in _get_response
    response = wrapped_callback(request, *callback_args, **callback_kwargs)
  File "C:\Users\vsevo\.virtualenvs\kiwapower_web_proposal-4V7KCttA\lib\site-packages\django\views\generic\base.py", line 70, in view
    return self.dispatch(request, *args, **kwargs)
  File "C:\Users\vsevo\.virtualenvs\kiwapower_web_proposal-4V7KCttA\lib\site-packages\django\views\generic\base.py", line 98, in dispatch
    return handler(request, *args, **kwargs)
  File "F:\workspace\django\kiwapower_web_proposal\proposal\views.py", line 39, in post
    services.additional_trusted_email_confirmation(request, proposal_id)
  File "F:\workspace\django\kiwapower_web_proposal\proposal\services.py", line 508, in additional_trusted_email_confirmation
    client_ip = request.META['HTTP_X_REAL_IP']
KeyError: 'HTTP_X_REAL_IP'
ERROR 2021-05-07 21:51:17,833 basehttp 3656 8308 "POST /en/a0P04000000ERUrEAO/ HTTP/1.1" 500 84473
ERROR 2021-05-07 22:26:14,527 log 16036 23464 Internal Server Error: /en/a0P04000000GGHQEA4/
Traceback (most recent call last):
  File "F:\workspace\django\kiwapower_web_proposal\proposal\services.py", line 112, in get_proposal
    error = response[0]['errorCode']
KeyError: 0

During handling of the above exception, another exception occurred:

Traceback (most recent call last):
  File "C:\Users\vsevo\.virtualenvs\kiwapower_web_proposal-4V7KCttA\lib\site-packages\django\core\handlers\exception.py", line 47, in inner
    response = get_response(request)
  File "C:\Users\vsevo\.virtualenvs\kiwapower_web_proposal-4V7KCttA\lib\site-packages\django\core\handlers\base.py", line 181, in _get_response
    response = wrapped_callback(request, *callback_args, **callback_kwargs)
  File "C:\Users\vsevo\.virtualenvs\kiwapower_web_proposal-4V7KCttA\lib\site-packages\django\views\generic\base.py", line 70, in view
    return self.dispatch(request, *args, **kwargs)
  File "C:\Users\vsevo\.virtualenvs\kiwapower_web_proposal-4V7KCttA\lib\site-packages\django\views\generic\base.py", line 98, in dispatch
    return handler(request, *args, **kwargs)
  File "F:\workspace\django\kiwapower_web_proposal\proposal\services.py", line 32, in clocked
    result = func(*args, **kwargs)  # вызов декорированной функции
  File "F:\workspace\django\kiwapower_web_proposal\proposal\views.py", line 18, in get
    proposal = services.get_proposal(proposal_id)
  File "F:\workspace\django\kiwapower_web_proposal\proposal\services.py", line 55, in _wrapped
    return f(*args, **kwargs)
  File "F:\workspace\django\kiwapower_web_proposal\proposal\services.py", line 114, in get_proposal
    response = response['records'][0]
IndexError: list index out of range
ERROR 2021-05-07 22:26:14,725 basehttp 16036 23464 "GET /en/a0P04000000GGHQEA4/ HTTP/1.1" 500 3053
WARNING 2021-05-07 22:26:14,814 log 16036 24236 Not Found: /static/assets/js/main.js
WARNING 2021-05-07 22:26:14,816 log 16036 23464 Not Found: /static/assets/css/style.css
WARNING 2021-05-07 22:26:14,816 basehttp 16036 24236 "GET /static/assets/js/main.js HTTP/1.1" 404 3141
WARNING 2021-05-07 22:26:14,816 basehttp 16036 23464 "GET /static/assets/css/style.css HTTP/1.1" 404 3141
WARNING 2021-05-07 22:26:14,863 log 16036 24236 Not Found: /static/assets/js/main.js
WARNING 2021-05-07 22:26:14,863 basehttp 16036 24236 "GET /static/assets/js/main.js HTTP/1.1" 404 3141
WARNING 2021-05-07 22:26:14,997 log 16036 24236 Not Found: /static/assets/img/favicon.ico
WARNING 2021-05-07 22:26:14,997 basehttp 16036 24236 "GET /static/assets/img/favicon.ico HTTP/1.1" 404 3141
ERROR 2021-05-07 22:28:52,945 log 20796 22212 Internal Server Error: /en/a0P04000000GGHQEA4/
Traceback (most recent call last):
  File "F:\workspace\django\kiwapower_web_proposal\proposal\services.py", line 112, in get_proposal
    error = response[0]['errorCode']
KeyError: 0

During handling of the above exception, another exception occurred:

Traceback (most recent call last):
  File "C:\Users\vsevo\.virtualenvs\kiwapower_web_proposal-4V7KCttA\lib\site-packages\django\core\handlers\exception.py", line 47, in inner
    response = get_response(request)
  File "C:\Users\vsevo\.virtualenvs\kiwapower_web_proposal-4V7KCttA\lib\site-packages\django\core\handlers\base.py", line 181, in _get_response
    response = wrapped_callback(request, *callback_args, **callback_kwargs)
  File "C:\Users\vsevo\.virtualenvs\kiwapower_web_proposal-4V7KCttA\lib\site-packages\django\views\generic\base.py", line 70, in view
    return self.dispatch(request, *args, **kwargs)
  File "C:\Users\vsevo\.virtualenvs\kiwapower_web_proposal-4V7KCttA\lib\site-packages\django\views\generic\base.py", line 98, in dispatch
    return handler(request, *args, **kwargs)
  File "F:\workspace\django\kiwapower_web_proposal\proposal\services.py", line 32, in clocked
    result = func(*args, **kwargs)  # вызов декорированной функции
  File "F:\workspace\django\kiwapower_web_proposal\proposal\views.py", line 18, in get
    proposal = services.get_proposal(proposal_id)
  File "F:\workspace\django\kiwapower_web_proposal\proposal\services.py", line 55, in _wrapped
    return f(*args, **kwargs)
  File "F:\workspace\django\kiwapower_web_proposal\proposal\services.py", line 114, in get_proposal
    response = response['records'][0]
IndexError: list index out of range
ERROR 2021-05-07 22:28:52,949 basehttp 20796 22212 "GET /en/a0P04000000GGHQEA4/ HTTP/1.1" 500 95163
WARNING 2021-05-20 15:08:08,042 log 19188 10376 Not Found: /static/assets/css/style.css
WARNING 2021-05-20 15:08:08,059 log 19188 19644 Not Found: /static/assets/js/main.js
WARNING 2021-05-20 15:08:08,060 basehttp 19188 19644 "GET /static/assets/js/main.js HTTP/1.1" 404 3309
WARNING 2021-05-20 15:08:08,060 basehttp 19188 10376 "GET /static/assets/css/style.css HTTP/1.1" 404 3309
WARNING 2021-05-22 12:09:10,262 log 23104 17908 Not Found: /favicon.ico
WARNING 2021-05-22 12:09:10,262 basehttp 23104 17908 "GET /favicon.ico HTTP/1.1" 404 3465
ERROR 2021-05-23 17:39:44,911 log 21860 15280 Internal Server Error: /events/
Traceback (most recent call last):
  File "C:\Users\vsevo\.virtualenvs\kiwapower_web_proposal-4V7KCttA\lib\site-packages\django\core\handlers\exception.py", line 47, in inner
    response = get_response(request)
  File "C:\Users\vsevo\.virtualenvs\kiwapower_web_proposal-4V7KCttA\lib\site-packages\django\core\handlers\base.py", line 181, in _get_response
    response = wrapped_callback(request, *callback_args, **callback_kwargs)
  File "C:\Users\vsevo\.virtualenvs\kiwapower_web_proposal-4V7KCttA\lib\site-packages\django\views\generic\base.py", line 70, in view
    return self.dispatch(request, *args, **kwargs)
  File "C:\Users\vsevo\.virtualenvs\kiwapower_web_proposal-4V7KCttA\lib\site-packages\django\views\generic\base.py", line 98, in dispatch
    return handler(request, *args, **kwargs)
  File "F:\workspace\django\kiwapower_web_proposal\proposal\views.py", line 135, in post
    time_spent = float(request.POST['time_spent'])
ValueError: could not convert string to float: ''
ERROR 2021-05-23 17:39:44,914 basehttp 21860 15280 "POST /events/ HTTP/1.1" 500 78818
ERROR 2021-05-23 17:53:08,254 log 20976 20732 Internal Server Error: /events/
Traceback (most recent call last):
  File "C:\Users\vsevo\.virtualenvs\kiwapower_web_proposal-4V7KCttA\lib\site-packages\django\core\handlers\exception.py", line 47, in inner
    response = get_response(request)
  File "C:\Users\vsevo\.virtualenvs\kiwapower_web_proposal-4V7KCttA\lib\site-packages\django\core\handlers\base.py", line 181, in _get_response
    response = wrapped_callback(request, *callback_args, **callback_kwargs)
  File "C:\Users\vsevo\.virtualenvs\kiwapower_web_proposal-4V7KCttA\lib\site-packages\django\views\generic\base.py", line 70, in view
    return self.dispatch(request, *args, **kwargs)
  File "C:\Users\vsevo\.virtualenvs\kiwapower_web_proposal-4V7KCttA\lib\site-packages\django\views\generic\base.py", line 98, in dispatch
    return handler(request, *args, **kwargs)
  File "F:\workspace\django\kiwapower_web_proposal\proposal\views.py", line 143, in post
    services.create_event_record(
  File "F:\workspace\django\kiwapower_web_proposal\proposal\services.py", line 482, in create_event_record
    time_spent = float(time_spent)
ValueError: could not convert string to float: ''
ERROR 2021-05-23 17:53:08,256 basehttp 20976 20732 "POST /events/ HTTP/1.1" 500 84939
ERROR 2021-05-23 17:54:11,922 log 21668 9272 Internal Server Error: /events/
Traceback (most recent call last):
  File "C:\Users\vsevo\.virtualenvs\kiwapower_web_proposal-4V7KCttA\lib\site-packages\django\core\handlers\exception.py", line 47, in inner
    response = get_response(request)
  File "C:\Users\vsevo\.virtualenvs\kiwapower_web_proposal-4V7KCttA\lib\site-packages\django\core\handlers\base.py", line 181, in _get_response
    response = wrapped_callback(request, *callback_args, **callback_kwargs)
  File "C:\Users\vsevo\.virtualenvs\kiwapower_web_proposal-4V7KCttA\lib\site-packages\django\views\generic\base.py", line 70, in view
    return self.dispatch(request, *args, **kwargs)
  File "C:\Users\vsevo\.virtualenvs\kiwapower_web_proposal-4V7KCttA\lib\site-packages\django\views\generic\base.py", line 98, in dispatch
    return handler(request, *args, **kwargs)
  File "F:\workspace\django\kiwapower_web_proposal\proposal\views.py", line 143, in post
    services.create_event_record(
  File "F:\workspace\django\kiwapower_web_proposal\proposal\services.py", line 485, in create_event_record
    case_id = create_case_record(
  File "F:\workspace\django\kiwapower_web_proposal\proposal\services.py", line 535, in create_case_record
    response = sf_api_call(f"/services/data/{settings.SF_API_VERSION}/sobjects/Case", method='post', data=data)
  File "F:\workspace\django\kiwapower_web_proposal\proposal\services.py", line 104, in sf_api_call
    raise Exception('API error when calling %s : %s' % (r.url, r.content))
Exception: API error when calling https://kiwapower--march18.my.salesforce.com/services/data/v51.0/sobjects/Case : b'[{"message":"Cannot deserialize instance of string from START_ARRAY value [line:1, column:199]","errorCode":"JSON_PARSER_ERROR"}]'
ERROR 2021-05-23 17:54:11,925 basehttp 21668 9272 "POST /events/ HTTP/1.1" 500 97944
ERROR 2021-05-23 17:56:00,015 log 18056 22768 Internal Server Error: /events/
Traceback (most recent call last):
  File "C:\Users\vsevo\.virtualenvs\kiwapower_web_proposal-4V7KCttA\lib\site-packages\django\core\handlers\exception.py", line 47, in inner
    response = get_response(request)
  File "C:\Users\vsevo\.virtualenvs\kiwapower_web_proposal-4V7KCttA\lib\site-packages\django\core\handlers\base.py", line 181, in _get_response
    response = wrapped_callback(request, *callback_args, **callback_kwargs)
  File "C:\Users\vsevo\.virtualenvs\kiwapower_web_proposal-4V7KCttA\lib\site-packages\django\views\generic\base.py", line 70, in view
    return self.dispatch(request, *args, **kwargs)
  File "C:\Users\vsevo\.virtualenvs\kiwapower_web_proposal-4V7KCttA\lib\site-packages\django\views\generic\base.py", line 98, in dispatch
    return handler(request, *args, **kwargs)
  File "F:\workspace\django\kiwapower_web_proposal\proposal\views.py", line 135, in post
    time_spent = float(request.POST['time_spent'])
ValueError: could not convert string to float: ''
ERROR 2021-05-23 17:56:00,017 basehttp 18056 22768 "POST /events/ HTTP/1.1" 500 78818
ERROR 2021-05-23 17:56:30,761 log 1732 18512 Internal Server Error: /events/
Traceback (most recent call last):
  File "C:\Users\vsevo\.virtualenvs\kiwapower_web_proposal-4V7KCttA\lib\site-packages\django\core\handlers\exception.py", line 47, in inner
    response = get_response(request)
  File "C:\Users\vsevo\.virtualenvs\kiwapower_web_proposal-4V7KCttA\lib\site-packages\django\core\handlers\base.py", line 181, in _get_response
    response = wrapped_callback(request, *callback_args, **callback_kwargs)
  File "C:\Users\vsevo\.virtualenvs\kiwapower_web_proposal-4V7KCttA\lib\site-packages\django\views\generic\base.py", line 70, in view
    return self.dispatch(request, *args, **kwargs)
  File "C:\Users\vsevo\.virtualenvs\kiwapower_web_proposal-4V7KCttA\lib\site-packages\django\views\generic\base.py", line 98, in dispatch
    return handler(request, *args, **kwargs)
  File "F:\workspace\django\kiwapower_web_proposal\proposal\views.py", line 146, in post
    services.create_event_record(
  File "F:\workspace\django\kiwapower_web_proposal\proposal\services.py", line 485, in create_event_record
    case_id = create_case_record(
  File "F:\workspace\django\kiwapower_web_proposal\proposal\services.py", line 535, in create_case_record
    response = sf_api_call(f"/services/data/{settings.SF_API_VERSION}/sobjects/Case", method='post', data=data)
  File "F:\workspace\django\kiwapower_web_proposal\proposal\services.py", line 104, in sf_api_call
    raise Exception('API error when calling %s : %s' % (r.url, r.content))
Exception: API error when calling https://kiwapower--march18.my.salesforce.com/services/data/v51.0/sobjects/Case : b'[{"message":"Cannot deserialize instance of string from START_ARRAY value [line:1, column:197]","errorCode":"JSON_PARSER_ERROR"}]'
ERROR 2021-05-23 17:56:30,763 basehttp 1732 18512 "POST /events/ HTTP/1.1" 500 97916
ERROR 2021-05-23 17:57:25,572 log 19100 21916 Internal Server Error: /events/
Traceback (most recent call last):
  File "C:\Users\vsevo\.virtualenvs\kiwapower_web_proposal-4V7KCttA\lib\site-packages\django\core\handlers\exception.py", line 47, in inner
    response = get_response(request)
  File "C:\Users\vsevo\.virtualenvs\kiwapower_web_proposal-4V7KCttA\lib\site-packages\django\core\handlers\base.py", line 181, in _get_response
    response = wrapped_callback(request, *callback_args, **callback_kwargs)
  File "C:\Users\vsevo\.virtualenvs\kiwapower_web_proposal-4V7KCttA\lib\site-packages\django\views\generic\base.py", line 70, in view
    return self.dispatch(request, *args, **kwargs)
  File "C:\Users\vsevo\.virtualenvs\kiwapower_web_proposal-4V7KCttA\lib\site-packages\django\views\generic\base.py", line 98, in dispatch
    return handler(request, *args, **kwargs)
  File "F:\workspace\django\kiwapower_web_proposal\proposal\views.py", line 146, in post
    services.create_event_record(
  File "F:\workspace\django\kiwapower_web_proposal\proposal\services.py", line 483, in create_event_record
    case_id = create_case_record(
  File "F:\workspace\django\kiwapower_web_proposal\proposal\services.py", line 533, in create_case_record
    response = sf_api_call(f"/services/data/{settings.SF_API_VERSION}/sobjects/Case", method='post', data=data)
  File "F:\workspace\django\kiwapower_web_proposal\proposal\services.py", line 104, in sf_api_call
    raise Exception('API error when calling %s : %s' % (r.url, r.content))
Exception: API error when calling https://kiwapower--march18.my.salesforce.com/services/data/v51.0/sobjects/Case : b'[{"message":"Cannot deserialize instance of string from START_ARRAY value [line:1, column:197]","errorCode":"JSON_PARSER_ERROR"}]'
ERROR 2021-05-23 17:57:25,572 basehttp 19100 21916 "POST /events/ HTTP/1.1" 500 97912
ERROR 2021-05-23 18:04:31,800 log 22420 23352 Internal Server Error: /events/
Traceback (most recent call last):
  File "C:\Users\vsevo\.virtualenvs\kiwapower_web_proposal-4V7KCttA\lib\site-packages\django\core\handlers\exception.py", line 47, in inner
    response = get_response(request)
  File "C:\Users\vsevo\.virtualenvs\kiwapower_web_proposal-4V7KCttA\lib\site-packages\django\core\handlers\base.py", line 181, in _get_response
    response = wrapped_callback(request, *callback_args, **callback_kwargs)
  File "C:\Users\vsevo\.virtualenvs\kiwapower_web_proposal-4V7KCttA\lib\site-packages\django\views\generic\base.py", line 70, in view
    return self.dispatch(request, *args, **kwargs)
  File "C:\Users\vsevo\.virtualenvs\kiwapower_web_proposal-4V7KCttA\lib\site-packages\django\views\generic\base.py", line 98, in dispatch
    return handler(request, *args, **kwargs)
  File "F:\workspace\django\kiwapower_web_proposal\proposal\views.py", line 146, in post
    services.create_event_record(
  File "F:\workspace\django\kiwapower_web_proposal\proposal\services.py", line 483, in create_event_record
    case_id = create_case_record(
  File "F:\workspace\django\kiwapower_web_proposal\proposal\services.py", line 533, in create_case_record
    response = sf_api_call(f"/services/data/{settings.SF_API_VERSION}/sobjects/Case", method='post', data=data)
  File "F:\workspace\django\kiwapower_web_proposal\proposal\services.py", line 104, in sf_api_call
    raise Exception('API error when calling %s : %s' % (r.url, r.content))
Exception: API error when calling https://kiwapower--march18.my.salesforce.com/services/data/v51.0/sobjects/Case : b'[{"message":"Cannot deserialize instance of string from START_ARRAY value [line:1, column:197]","errorCode":"JSON_PARSER_ERROR"}]'
ERROR 2021-05-23 18:04:31,802 basehttp 22420 23352 "POST /events/ HTTP/1.1" 500 97896
ERROR 2021-05-23 18:12:08,233 log 12832 14984 Internal Server Error: /events/
Traceback (most recent call last):
  File "C:\Users\vsevo\.virtualenvs\kiwapower_web_proposal-4V7KCttA\lib\site-packages\django\core\handlers\exception.py", line 47, in inner
    response = get_response(request)
  File "C:\Users\vsevo\.virtualenvs\kiwapower_web_proposal-4V7KCttA\lib\site-packages\django\core\handlers\base.py", line 181, in _get_response
    response = wrapped_callback(request, *callback_args, **callback_kwargs)
  File "C:\Users\vsevo\.virtualenvs\kiwapower_web_proposal-4V7KCttA\lib\site-packages\django\views\generic\base.py", line 70, in view
    return self.dispatch(request, *args, **kwargs)
  File "C:\Users\vsevo\.virtualenvs\kiwapower_web_proposal-4V7KCttA\lib\site-packages\django\views\generic\base.py", line 98, in dispatch
    return handler(request, *args, **kwargs)
  File "F:\workspace\django\kiwapower_web_proposal\proposal\views.py", line 146, in post
    services.create_event_record(
  File "F:\workspace\django\kiwapower_web_proposal\proposal\services.py", line 484, in create_event_record
    case_id = create_case_record(
  File "F:\workspace\django\kiwapower_web_proposal\proposal\services.py", line 534, in create_case_record
    response = sf_api_call(f"/services/data/{settings.SF_API_VERSION}/sobjects/Case", method='post', data=data)
  File "F:\workspace\django\kiwapower_web_proposal\proposal\services.py", line 105, in sf_api_call
    raise Exception('API error when calling %s : %s' % (r.url, r.content))
Exception: API error when calling https://kiwapower--march18.my.salesforce.com/services/data/v51.0/sobjects/Case : b'[{"message":"Cannot deserialize instance of string from START_ARRAY value [line:1, column:199]","errorCode":"JSON_PARSER_ERROR"}]'
ERROR 2021-05-23 18:12:08,235 basehttp 12832 14984 "POST /events/ HTTP/1.1" 500 97906
ERROR 2021-05-23 18:16:08,107 log 18760 3740 Internal Server Error: /events/
Traceback (most recent call last):
  File "C:\Users\vsevo\.virtualenvs\kiwapower_web_proposal-4V7KCttA\lib\site-packages\django\core\handlers\exception.py", line 47, in inner
    response = get_response(request)
  File "C:\Users\vsevo\.virtualenvs\kiwapower_web_proposal-4V7KCttA\lib\site-packages\django\core\handlers\base.py", line 181, in _get_response
    response = wrapped_callback(request, *callback_args, **callback_kwargs)
  File "C:\Users\vsevo\.virtualenvs\kiwapower_web_proposal-4V7KCttA\lib\site-packages\django\views\generic\base.py", line 70, in view
    return self.dispatch(request, *args, **kwargs)
  File "C:\Users\vsevo\.virtualenvs\kiwapower_web_proposal-4V7KCttA\lib\site-packages\django\views\generic\base.py", line 98, in dispatch
    return handler(request, *args, **kwargs)
  File "F:\workspace\django\kiwapower_web_proposal\proposal\views.py", line 140, in post
    if request.session['email'] == settings.TRUSTED_EMAIL:
  File "C:\Users\vsevo\.virtualenvs\kiwapower_web_proposal-4V7KCttA\lib\site-packages\django\contrib\sessions\backends\base.py", line 65, in __getitem__
    return self._session[key]
KeyError: 'email'
ERROR 2021-05-23 18:16:08,110 basehttp 18760 3740 "POST /events/ HTTP/1.1" 500 83139
ERROR 2021-05-23 18:17:06,863 log 18760 3740 Internal Server Error: /events/
Traceback (most recent call last):
  File "C:\Users\vsevo\.virtualenvs\kiwapower_web_proposal-4V7KCttA\lib\site-packages\django\core\handlers\exception.py", line 47, in inner
    response = get_response(request)
  File "C:\Users\vsevo\.virtualenvs\kiwapower_web_proposal-4V7KCttA\lib\site-packages\django\core\handlers\base.py", line 181, in _get_response
    response = wrapped_callback(request, *callback_args, **callback_kwargs)
  File "C:\Users\vsevo\.virtualenvs\kiwapower_web_proposal-4V7KCttA\lib\site-packages\django\views\generic\base.py", line 70, in view
    return self.dispatch(request, *args, **kwargs)
  File "C:\Users\vsevo\.virtualenvs\kiwapower_web_proposal-4V7KCttA\lib\site-packages\django\views\generic\base.py", line 98, in dispatch
    return handler(request, *args, **kwargs)
  File "F:\workspace\django\kiwapower_web_proposal\proposal\views.py", line 146, in post
    services.create_event_record(
  File "F:\workspace\django\kiwapower_web_proposal\proposal\services.py", line 483, in create_event_record
    case_id = create_case_record(
  File "F:\workspace\django\kiwapower_web_proposal\proposal\services.py", line 534, in create_case_record
    response = sf_api_call(f"/services/data/{settings.SF_API_VERSION}/sobjects/Case", method='post', data=data)
  File "F:\workspace\django\kiwapower_web_proposal\proposal\services.py", line 104, in sf_api_call
    raise Exception('API error when calling %s : %s' % (r.url, r.content))
Exception: API error when calling https://kiwapower--march18.my.salesforce.com/services/data/v51.0/sobjects/Case : b'[{"message":"Cannot deserialize instance of string from START_ARRAY value [line:1, column:197]","errorCode":"JSON_PARSER_ERROR"}]'
ERROR 2021-05-23 18:17:06,868 basehttp 18760 3740 "POST /events/ HTTP/1.1" 500 97896
ERROR 2021-05-23 18:18:25,974 log 18664 14304 Internal Server Error: /events/
Traceback (most recent call last):
  File "C:\Users\vsevo\.virtualenvs\kiwapower_web_proposal-4V7KCttA\lib\site-packages\django\core\handlers\exception.py", line 47, in inner
    response = get_response(request)
  File "C:\Users\vsevo\.virtualenvs\kiwapower_web_proposal-4V7KCttA\lib\site-packages\django\core\handlers\base.py", line 181, in _get_response
    response = wrapped_callback(request, *callback_args, **callback_kwargs)
  File "C:\Users\vsevo\.virtualenvs\kiwapower_web_proposal-4V7KCttA\lib\site-packages\django\views\generic\base.py", line 70, in view
    return self.dispatch(request, *args, **kwargs)
  File "C:\Users\vsevo\.virtualenvs\kiwapower_web_proposal-4V7KCttA\lib\site-packages\django\views\generic\base.py", line 98, in dispatch
    return handler(request, *args, **kwargs)
  File "F:\workspace\django\kiwapower_web_proposal\proposal\views.py", line 146, in post
    services.create_event_record(
  File "F:\workspace\django\kiwapower_web_proposal\proposal\services.py", line 483, in create_event_record
    case_id = create_case_record(
  File "F:\workspace\django\kiwapower_web_proposal\proposal\services.py", line 533, in create_case_record
    response = sf_api_call(f"/services/data/{settings.SF_API_VERSION}/sobjects/Case", method='post', data=data)
  File "F:\workspace\django\kiwapower_web_proposal\proposal\services.py", line 104, in sf_api_call
    raise Exception('API error when calling %s : %s' % (r.url, r.content))
Exception: API error when calling https://kiwapower--march18.my.salesforce.com/services/data/v51.0/sobjects/Case : b'[{"message":"Unable to create/update fields: AccountId, ContactEmail. Please check the security settings of this field and verify that it is read/write for your profile or permission set.","errorCode":"INVALID_FIELD_FOR_INSERT_UPDATE","fields":["AccountId","ContactEmail"]}]'
ERROR 2021-05-23 18:18:25,976 basehttp 18664 14304 "POST /events/ HTTP/1.1" 500 98590
ERROR 2021-05-23 18:19:22,323 log 18664 14304 Internal Server Error: /events/
Traceback (most recent call last):
  File "C:\Users\vsevo\.virtualenvs\kiwapower_web_proposal-4V7KCttA\lib\site-packages\django\core\handlers\exception.py", line 47, in inner
    response = get_response(request)
  File "C:\Users\vsevo\.virtualenvs\kiwapower_web_proposal-4V7KCttA\lib\site-packages\django\core\handlers\base.py", line 181, in _get_response
    response = wrapped_callback(request, *callback_args, **callback_kwargs)
  File "C:\Users\vsevo\.virtualenvs\kiwapower_web_proposal-4V7KCttA\lib\site-packages\django\views\generic\base.py", line 70, in view
    return self.dispatch(request, *args, **kwargs)
  File "C:\Users\vsevo\.virtualenvs\kiwapower_web_proposal-4V7KCttA\lib\site-packages\django\views\generic\base.py", line 98, in dispatch
    return handler(request, *args, **kwargs)
  File "F:\workspace\django\kiwapower_web_proposal\proposal\views.py", line 146, in post
    services.create_event_record(
  File "F:\workspace\django\kiwapower_web_proposal\proposal\services.py", line 483, in create_event_record
    case_id = create_case_record(
  File "F:\workspace\django\kiwapower_web_proposal\proposal\services.py", line 533, in create_case_record
    response = sf_api_call(f"/services/data/{settings.SF_API_VERSION}/sobjects/Case", method='post', data=data)
  File "F:\workspace\django\kiwapower_web_proposal\proposal\services.py", line 104, in sf_api_call
    raise Exception('API error when calling %s : %s' % (r.url, r.content))
Exception: API error when calling https://kiwapower--march18.my.salesforce.com/services/data/v51.0/sobjects/Case : b'[{"message":"Unable to create/update fields: AccountId, ContactEmail. Please check the security settings of this field and verify that it is read/write for your profile or permission set.","errorCode":"INVALID_FIELD_FOR_INSERT_UPDATE","fields":["AccountId","ContactEmail"]}]'
ERROR 2021-05-23 18:19:22,325 basehttp 18664 14304 "POST /events/ HTTP/1.1" 500 98608
ERROR 2021-05-23 18:20:39,913 log 18960 18996 Internal Server Error: /events/
Traceback (most recent call last):
  File "C:\Users\vsevo\.virtualenvs\kiwapower_web_proposal-4V7KCttA\lib\site-packages\django\core\handlers\exception.py", line 47, in inner
    response = get_response(request)
  File "C:\Users\vsevo\.virtualenvs\kiwapower_web_proposal-4V7KCttA\lib\site-packages\django\core\handlers\base.py", line 181, in _get_response
    response = wrapped_callback(request, *callback_args, **callback_kwargs)
  File "C:\Users\vsevo\.virtualenvs\kiwapower_web_proposal-4V7KCttA\lib\site-packages\django\views\generic\base.py", line 70, in view
    return self.dispatch(request, *args, **kwargs)
  File "C:\Users\vsevo\.virtualenvs\kiwapower_web_proposal-4V7KCttA\lib\site-packages\django\views\generic\base.py", line 98, in dispatch
    return handler(request, *args, **kwargs)
  File "F:\workspace\django\kiwapower_web_proposal\proposal\views.py", line 146, in post
    services.create_event_record(
  File "F:\workspace\django\kiwapower_web_proposal\proposal\services.py", line 483, in create_event_record
    case_id = create_case_record(
  File "F:\workspace\django\kiwapower_web_proposal\proposal\services.py", line 534, in create_case_record
    response = sf_api_call(f"/services/data/{settings.SF_API_VERSION}/sobjects/Case", method='post', data=data)
  File "F:\workspace\django\kiwapower_web_proposal\proposal\services.py", line 104, in sf_api_call
    raise Exception('API error when calling %s : %s' % (r.url, r.content))
Exception: API error when calling https://kiwapower--march18.my.salesforce.com/services/data/v51.0/sobjects/Case : b'[{"message":"Unable to create/update fields: AccountId, ContactEmail. Please check the security settings of this field and verify that it is read/write for your profile or permission set.","errorCode":"INVALID_FIELD_FOR_INSERT_UPDATE","fields":["AccountId","ContactEmail"]}]'
ERROR 2021-05-23 18:20:39,915 basehttp 18960 18996 "POST /events/ HTTP/1.1" 500 98608
ERROR 2021-05-23 18:30:04,539 log 18212 22596 Internal Server Error: /events/
Traceback (most recent call last):
  File "C:\Users\vsevo\.virtualenvs\kiwapower_web_proposal-4V7KCttA\lib\site-packages\django\core\handlers\exception.py", line 47, in inner
    response = get_response(request)
  File "C:\Users\vsevo\.virtualenvs\kiwapower_web_proposal-4V7KCttA\lib\site-packages\django\core\handlers\base.py", line 181, in _get_response
    response = wrapped_callback(request, *callback_args, **callback_kwargs)
  File "C:\Users\vsevo\.virtualenvs\kiwapower_web_proposal-4V7KCttA\lib\site-packages\django\views\generic\base.py", line 70, in view
    return self.dispatch(request, *args, **kwargs)
  File "C:\Users\vsevo\.virtualenvs\kiwapower_web_proposal-4V7KCttA\lib\site-packages\django\views\generic\base.py", line 98, in dispatch
    return handler(request, *args, **kwargs)
  File "F:\workspace\django\kiwapower_web_proposal\proposal\views.py", line 146, in post
    services.create_event_record(
  File "F:\workspace\django\kiwapower_web_proposal\proposal\services.py", line 483, in create_event_record
    case_id = create_case_record(
  File "F:\workspace\django\kiwapower_web_proposal\proposal\services.py", line 533, in create_case_record
    response = sf_api_call(f"/services/data/{settings.SF_API_VERSION}/sobjects/Case", method='post', data=data)
  File "F:\workspace\django\kiwapower_web_proposal\proposal\services.py", line 104, in sf_api_call
    raise Exception('API error when calling %s : %s' % (r.url, r.content))
Exception: API error when calling https://kiwapower--march18.my.salesforce.com/services/data/v51.0/sobjects/Case : b'[{"message":"Unable to create/update fields: AccountId. Please check the security settings of this field and verify that it is read/write for your profile or permission set.","errorCode":"INVALID_FIELD_FOR_INSERT_UPDATE","fields":["AccountId"]}]'
ERROR 2021-05-23 18:30:04,541 basehttp 18212 22596 "POST /events/ HTTP/1.1" 500 98294
ERROR 2021-05-23 18:50:53,483 log 20264 19256 Internal Server Error: /a0P04000000Gew4EAC/
Traceback (most recent call last):
  File "C:\Users\vsevo\.virtualenvs\kiwapower_web_proposal-4V7KCttA\lib\site-packages\urllib3\connection.py", line 169, in _new_conn
    conn = connection.create_connection(
  File "C:\Users\vsevo\.virtualenvs\kiwapower_web_proposal-4V7KCttA\lib\site-packages\urllib3\util\connection.py", line 73, in create_connection
    for res in socket.getaddrinfo(host, port, family, socket.SOCK_STREAM):
  File "c:\users\vsevo\appdata\local\programs\python\python39\lib\socket.py", line 953, in getaddrinfo
    for res in _socket.getaddrinfo(host, port, family, type, proto, flags):
socket.gaierror: [Errno 11001] getaddrinfo failed

During handling of the above exception, another exception occurred:

Traceback (most recent call last):
  File "C:\Users\vsevo\.virtualenvs\kiwapower_web_proposal-4V7KCttA\lib\site-packages\urllib3\connectionpool.py", line 699, in urlopen
    httplib_response = self._make_request(
  File "C:\Users\vsevo\.virtualenvs\kiwapower_web_proposal-4V7KCttA\lib\site-packages\urllib3\connectionpool.py", line 382, in _make_request
    self._validate_conn(conn)
  File "C:\Users\vsevo\.virtualenvs\kiwapower_web_proposal-4V7KCttA\lib\site-packages\urllib3\connectionpool.py", line 1010, in _validate_conn
    conn.connect()
  File "C:\Users\vsevo\.virtualenvs\kiwapower_web_proposal-4V7KCttA\lib\site-packages\urllib3\connection.py", line 353, in connect
    conn = self._new_conn()
  File "C:\Users\vsevo\.virtualenvs\kiwapower_web_proposal-4V7KCttA\lib\site-packages\urllib3\connection.py", line 181, in _new_conn
    raise NewConnectionError(
urllib3.exceptions.NewConnectionError: <urllib3.connection.HTTPSConnection object at 0x0000029848219CA0>: Failed to establish a new connection: [Errno 11001] getaddrinfo failed

During handling of the above exception, another exception occurred:

Traceback (most recent call last):
  File "C:\Users\vsevo\.virtualenvs\kiwapower_web_proposal-4V7KCttA\lib\site-packages\requests\adapters.py", line 439, in send
    resp = conn.urlopen(
  File "C:\Users\vsevo\.virtualenvs\kiwapower_web_proposal-4V7KCttA\lib\site-packages\urllib3\connectionpool.py", line 755, in urlopen
    retries = retries.increment(
  File "C:\Users\vsevo\.virtualenvs\kiwapower_web_proposal-4V7KCttA\lib\site-packages\urllib3\util\retry.py", line 574, in increment
    raise MaxRetryError(_pool, url, error or ResponseError(cause))
urllib3.exceptions.MaxRetryError: HTTPSConnectionPool(host='kiwapower--march18.my.salesforce.com', port=443): Max retries exceeded with url: /services/data/v51.0/query/?q=SELECT+Authorized_contact__c%2C+Authorized_domain__c%2C+Authorized_email__c+FROM+Authorized_emails__c+where+Account__c%3D%270016g00000FWctuAAD%27+and++isDeleted%3Dfalse (Caused by NewConnectionError('<urllib3.connection.HTTPSConnection object at 0x0000029848219CA0>: Failed to establish a new connection: [Errno 11001] getaddrinfo failed'))

During handling of the above exception, another exception occurred:

Traceback (most recent call last):
  File "C:\Users\vsevo\.virtualenvs\kiwapower_web_proposal-4V7KCttA\lib\site-packages\django\core\handlers\exception.py", line 47, in inner
    response = get_response(request)
  File "C:\Users\vsevo\.virtualenvs\kiwapower_web_proposal-4V7KCttA\lib\site-packages\django\core\handlers\base.py", line 181, in _get_response
    response = wrapped_callback(request, *callback_args, **callback_kwargs)
  File "C:\Users\vsevo\.virtualenvs\kiwapower_web_proposal-4V7KCttA\lib\site-packages\django\views\generic\base.py", line 70, in view
    return self.dispatch(request, *args, **kwargs)
  File "C:\Users\vsevo\.virtualenvs\kiwapower_web_proposal-4V7KCttA\lib\site-packages\django\views\generic\base.py", line 98, in dispatch
    return handler(request, *args, **kwargs)
  File "F:\workspace\django\kiwapower_web_proposal\proposal\services.py", line 23, in clocked
    result = func(*args, **kwargs)
  File "F:\workspace\django\kiwapower_web_proposal\proposal\views.py", line 41, in post
    email_validation = services.user_email_validation(proposal['Account__c'], email)
  File "F:\workspace\django\kiwapower_web_proposal\proposal\services.py", line 192, in user_email_validation
    email_responses = get_user_email_information(proposal_account_id)
  File "F:\workspace\django\kiwapower_web_proposal\proposal\services.py", line 46, in _wrapped
    return f(*args, **kwargs)
  File "F:\workspace\django\kiwapower_web_proposal\proposal\services.py", line 178, in get_user_email_information
    response = sf_api_call(f'/services/data/{settings.SF_API_VERSION}/query/', {'q': query})['records']
  File "F:\workspace\django\kiwapower_web_proposal\proposal\services.py", line 91, in sf_api_call
    r = requests.request(method, instance_url + action, headers=headers, params=parameters, timeout=30)
  File "C:\Users\vsevo\.virtualenvs\kiwapower_web_proposal-4V7KCttA\lib\site-packages\requests\api.py", line 61, in request
    return session.request(method=method, url=url, **kwargs)
  File "C:\Users\vsevo\.virtualenvs\kiwapower_web_proposal-4V7KCttA\lib\site-packages\requests\sessions.py", line 542, in request
    resp = self.send(prep, **send_kwargs)
  File "C:\Users\vsevo\.virtualenvs\kiwapower_web_proposal-4V7KCttA\lib\site-packages\requests\sessions.py", line 655, in send
    r = adapter.send(request, **kwargs)
  File "C:\Users\vsevo\.virtualenvs\kiwapower_web_proposal-4V7KCttA\lib\site-packages\requests\adapters.py", line 516, in send
    raise ConnectionError(e, request=request)
requests.exceptions.ConnectionError: HTTPSConnectionPool(host='kiwapower--march18.my.salesforce.com', port=443): Max retries exceeded with url: /services/data/v51.0/query/?q=SELECT+Authorized_contact__c%2C+Authorized_domain__c%2C+Authorized_email__c+FROM+Authorized_emails__c+where+Account__c%3D%270016g00000FWctuAAD%27+and++isDeleted%3Dfalse (Caused by NewConnectionError('<urllib3.connection.HTTPSConnection object at 0x0000029848219CA0>: Failed to establish a new connection: [Errno 11001] getaddrinfo failed'))
ERROR 2021-05-23 18:50:53,489 basehttp 20264 19256 "POST /a0P04000000Gew4EAC/ HTTP/1.1" 500 192090
WARNING 2021-05-23 18:50:53,916 log 20264 19256 Not Found: /favicon.ico
WARNING 2021-05-23 18:50:53,916 basehttp 20264 19256 "GET /favicon.ico HTTP/1.1" 404 3337
ERROR 2021-05-23 18:52:22,875 log 20264 22268 Internal Server Error: /events/
Traceback (most recent call last):
  File "C:\Users\vsevo\.virtualenvs\kiwapower_web_proposal-4V7KCttA\lib\site-packages\django\utils\datastructures.py", line 76, in __getitem__
    list_ = super().__getitem__(key)
KeyError: 'time_spent'

During handling of the above exception, another exception occurred:

Traceback (most recent call last):
  File "C:\Users\vsevo\.virtualenvs\kiwapower_web_proposal-4V7KCttA\lib\site-packages\django\core\handlers\exception.py", line 47, in inner
    response = get_response(request)
  File "C:\Users\vsevo\.virtualenvs\kiwapower_web_proposal-4V7KCttA\lib\site-packages\django\core\handlers\base.py", line 181, in _get_response
    response = wrapped_callback(request, *callback_args, **callback_kwargs)
  File "C:\Users\vsevo\.virtualenvs\kiwapower_web_proposal-4V7KCttA\lib\site-packages\django\views\generic\base.py", line 70, in view
    return self.dispatch(request, *args, **kwargs)
  File "C:\Users\vsevo\.virtualenvs\kiwapower_web_proposal-4V7KCttA\lib\site-packages\django\views\generic\base.py", line 98, in dispatch
    return handler(request, *args, **kwargs)
  File "F:\workspace\django\kiwapower_web_proposal\proposal\views.py", line 135, in post
    time_spent = float(request.POST['time_spent'])
  File "C:\Users\vsevo\.virtualenvs\kiwapower_web_proposal-4V7KCttA\lib\site-packages\django\utils\datastructures.py", line 78, in __getitem__
    raise MultiValueDictKeyError(key)
django.utils.datastructures.MultiValueDictKeyError: 'time_spent'
ERROR 2021-05-23 18:52:22,877 basehttp 20264 22268 "POST /events/ HTTP/1.1" 500 87064
WARNING 2021-05-23 18:55:51,632 basehttp 23528 18220 "GET /static/assets/vendor/pdfjs/web/static/assets/vendor/pdfjs/images/toolbarButton-menuArrow.svg HTTP/1.1" 404 1883
WARNING 2021-05-23 20:49:46,461 log 23528 11188 Not Found: /favicon.ico
WARNING 2021-05-23 20:49:46,461 basehttp 23528 11188 "GET /favicon.ico HTTP/1.1" 404 3465
ERROR 2021-05-23 21:18:30,680 log 18732 11644 Internal Server Error: /update_sections/
Traceback (most recent call last):
  File "C:\Users\vsevo\.virtualenvs\kiwapower_web_proposal-4V7KCttA\lib\site-packages\django\core\handlers\exception.py", line 47, in inner
    response = get_response(request)
  File "C:\Users\vsevo\.virtualenvs\kiwapower_web_proposal-4V7KCttA\lib\site-packages\django\core\handlers\base.py", line 181, in _get_response
    response = wrapped_callback(request, *callback_args, **callback_kwargs)
  File "C:\Users\vsevo\.virtualenvs\kiwapower_web_proposal-4V7KCttA\lib\site-packages\django\views\generic\base.py", line 70, in view
    return self.dispatch(request, *args, **kwargs)
  File "C:\Users\vsevo\.virtualenvs\kiwapower_web_proposal-4V7KCttA\lib\site-packages\django\views\generic\base.py", line 98, in dispatch
    return handler(request, *args, **kwargs)
  File "F:\workspace\django\kiwapower_web_proposal\faq\views.py", line 11, in post
    services.create_sections_and_articles(sections, articles)
  File "F:\workspace\django\kiwapower_web_proposal\faq\services.py", line 129, in create_sections_and_articles
    section_ = Section.objects.filter(is_active=True).get(label=label)
  File "C:\Users\vsevo\.virtualenvs\kiwapower_web_proposal-4V7KCttA\lib\site-packages\django\db\models\query.py", line 435, in get
    raise self.model.DoesNotExist(
faq.models.Section.DoesNotExist: Section matching query does not exist.
ERROR 2021-05-23 21:18:30,683 basehttp 18732 11644 "POST /update_sections/ HTTP/1.1" 500 109442
ERROR 2021-05-23 21:20:17,330 log 21964 16732 Internal Server Error: /update_sections/
Traceback (most recent call last):
  File "C:\Users\vsevo\.virtualenvs\kiwapower_web_proposal-4V7KCttA\lib\site-packages\django\core\handlers\exception.py", line 47, in inner
    response = get_response(request)
  File "C:\Users\vsevo\.virtualenvs\kiwapower_web_proposal-4V7KCttA\lib\site-packages\django\core\handlers\base.py", line 181, in _get_response
    response = wrapped_callback(request, *callback_args, **callback_kwargs)
  File "C:\Users\vsevo\.virtualenvs\kiwapower_web_proposal-4V7KCttA\lib\site-packages\django\views\generic\base.py", line 70, in view
    return self.dispatch(request, *args, **kwargs)
  File "C:\Users\vsevo\.virtualenvs\kiwapower_web_proposal-4V7KCttA\lib\site-packages\django\views\generic\base.py", line 98, in dispatch
    return handler(request, *args, **kwargs)
  File "F:\workspace\django\kiwapower_web_proposal\faq\views.py", line 11, in post
    services.create_sections_and_articles(sections, articles)
  File "F:\workspace\django\kiwapower_web_proposal\faq\services.py", line 131, in create_sections_and_articles
    section_ = Section.objects.filter(is_active=True).get(label=label)
  File "C:\Users\vsevo\.virtualenvs\kiwapower_web_proposal-4V7KCttA\lib\site-packages\django\db\models\query.py", line 435, in get
    raise self.model.DoesNotExist(
faq.models.Section.DoesNotExist: Section matching query does not exist.
ERROR 2021-05-23 21:20:17,333 basehttp 21964 16732 "POST /update_sections/ HTTP/1.1" 500 109442
ERROR 2021-05-23 21:23:12,365 log 1868 7388 Internal Server Error: /update_sections/
Traceback (most recent call last):
  File "C:\Users\vsevo\.virtualenvs\kiwapower_web_proposal-4V7KCttA\lib\site-packages\django\core\handlers\exception.py", line 47, in inner
    response = get_response(request)
  File "C:\Users\vsevo\.virtualenvs\kiwapower_web_proposal-4V7KCttA\lib\site-packages\django\core\handlers\base.py", line 181, in _get_response
    response = wrapped_callback(request, *callback_args, **callback_kwargs)
  File "C:\Users\vsevo\.virtualenvs\kiwapower_web_proposal-4V7KCttA\lib\site-packages\django\views\generic\base.py", line 70, in view
    return self.dispatch(request, *args, **kwargs)
  File "C:\Users\vsevo\.virtualenvs\kiwapower_web_proposal-4V7KCttA\lib\site-packages\django\views\generic\base.py", line 98, in dispatch
    return handler(request, *args, **kwargs)
  File "F:\workspace\django\kiwapower_web_proposal\faq\views.py", line 11, in post
    services.create_sections_and_articles(sections, articles)
  File "F:\workspace\django\kiwapower_web_proposal\faq\services.py", line 129, in create_sections_and_articles
    section_ = Section.objects.filter(is_active=True).get(label=label)
  File "C:\Users\vsevo\.virtualenvs\kiwapower_web_proposal-4V7KCttA\lib\site-packages\django\db\models\query.py", line 435, in get
    raise self.model.DoesNotExist(
faq.models.Section.DoesNotExist: Section matching query does not exist.
ERROR 2021-05-23 21:23:12,368 basehttp 1868 7388 "POST /update_sections/ HTTP/1.1" 500 109447
ERROR 2021-05-23 21:24:36,396 log 19856 18884 Internal Server Error: /update_sections/
Traceback (most recent call last):
  File "C:\Users\vsevo\.virtualenvs\kiwapower_web_proposal-4V7KCttA\lib\site-packages\django\core\handlers\exception.py", line 47, in inner
    response = get_response(request)
  File "C:\Users\vsevo\.virtualenvs\kiwapower_web_proposal-4V7KCttA\lib\site-packages\django\core\handlers\base.py", line 181, in _get_response
    response = wrapped_callback(request, *callback_args, **callback_kwargs)
  File "C:\Users\vsevo\.virtualenvs\kiwapower_web_proposal-4V7KCttA\lib\site-packages\django\views\generic\base.py", line 70, in view
    return self.dispatch(request, *args, **kwargs)
  File "C:\Users\vsevo\.virtualenvs\kiwapower_web_proposal-4V7KCttA\lib\site-packages\django\views\generic\base.py", line 98, in dispatch
    return handler(request, *args, **kwargs)
  File "F:\workspace\django\kiwapower_web_proposal\faq\views.py", line 11, in post
    services.create_sections_and_articles(sections, articles)
  File "F:\workspace\django\kiwapower_web_proposal\faq\services.py", line 131, in create_sections_and_articles
    section_ = Section.objects.filter(is_active=True).get(label=label)
  File "C:\Users\vsevo\.virtualenvs\kiwapower_web_proposal-4V7KCttA\lib\site-packages\django\db\models\query.py", line 435, in get
    raise self.model.DoesNotExist(
faq.models.Section.DoesNotExist: Section matching query does not exist.
ERROR 2021-05-23 21:24:36,399 basehttp 19856 18884 "POST /update_sections/ HTTP/1.1" 500 109447
ERROR 2021-05-23 21:30:53,561 log 22940 15948 Internal Server Error: /update_sections/
Traceback (most recent call last):
  File "C:\Users\vsevo\.virtualenvs\kiwapower_web_proposal-4V7KCttA\lib\site-packages\django\core\handlers\exception.py", line 47, in inner
    response = get_response(request)
  File "C:\Users\vsevo\.virtualenvs\kiwapower_web_proposal-4V7KCttA\lib\site-packages\django\core\handlers\base.py", line 181, in _get_response
    response = wrapped_callback(request, *callback_args, **callback_kwargs)
  File "C:\Users\vsevo\.virtualenvs\kiwapower_web_proposal-4V7KCttA\lib\site-packages\django\views\generic\base.py", line 70, in view
    return self.dispatch(request, *args, **kwargs)
  File "C:\Users\vsevo\.virtualenvs\kiwapower_web_proposal-4V7KCttA\lib\site-packages\django\views\generic\base.py", line 98, in dispatch
    return handler(request, *args, **kwargs)
  File "F:\workspace\django\kiwapower_web_proposal\faq\views.py", line 11, in post
    services.create_sections_and_articles(sections, articles)
  File "F:\workspace\django\kiwapower_web_proposal\faq\services.py", line 132, in create_sections_and_articles
    section_ = Section.objects.filter(is_active=True).get(label=label)
  File "C:\Users\vsevo\.virtualenvs\kiwapower_web_proposal-4V7KCttA\lib\site-packages\django\db\models\query.py", line 435, in get
    raise self.model.DoesNotExist(
faq.models.Section.DoesNotExist: Section matching query does not exist.
ERROR 2021-05-23 21:30:53,564 basehttp 22940 15948 "POST /update_sections/ HTTP/1.1" 500 109628
ERROR 2021-05-23 21:31:56,511 log 17888 7204 Internal Server Error: /update_sections/
Traceback (most recent call last):
  File "C:\Users\vsevo\.virtualenvs\kiwapower_web_proposal-4V7KCttA\lib\site-packages\django\core\handlers\exception.py", line 47, in inner
    response = get_response(request)
  File "C:\Users\vsevo\.virtualenvs\kiwapower_web_proposal-4V7KCttA\lib\site-packages\django\core\handlers\base.py", line 181, in _get_response
    response = wrapped_callback(request, *callback_args, **callback_kwargs)
  File "C:\Users\vsevo\.virtualenvs\kiwapower_web_proposal-4V7KCttA\lib\site-packages\django\views\generic\base.py", line 70, in view
    return self.dispatch(request, *args, **kwargs)
  File "C:\Users\vsevo\.virtualenvs\kiwapower_web_proposal-4V7KCttA\lib\site-packages\django\views\generic\base.py", line 98, in dispatch
    return handler(request, *args, **kwargs)
  File "F:\workspace\django\kiwapower_web_proposal\faq\views.py", line 11, in post
    services.create_sections_and_articles(sections, articles)
  File "F:\workspace\django\kiwapower_web_proposal\faq\services.py", line 132, in create_sections_and_articles
    section_ = Section.objects.filter(is_active=True).get(label=label)
  File "C:\Users\vsevo\.virtualenvs\kiwapower_web_proposal-4V7KCttA\lib\site-packages\django\db\models\query.py", line 435, in get
    raise self.model.DoesNotExist(
faq.models.Section.DoesNotExist: Section matching query does not exist.
ERROR 2021-05-23 21:31:56,513 basehttp 17888 7204 "POST /update_sections/ HTTP/1.1" 500 109628
WARNING 2021-05-23 21:34:27,597 log 17888 7204 Not Found: /
WARNING 2021-05-23 21:34:27,598 basehttp 17888 7204 "GET / HTTP/1.1" 404 3414
WARNING 2021-05-23 22:50:44,456 log 19988 23336 Not Found: /api/v1/session-list/
WARNING 2021-05-23 22:50:44,456 basehttp 19988 23336 "GET /api/v1/session-list/ HTTP/1.1" 404 4364
ERROR 2021-05-23 23:28:21,689 log 17936 14420 Internal Server Error: /api/v1/session-event-detail/288
Traceback (most recent call last):
  File "C:\Users\vsevo\.virtualenvs\kiwapower_web_proposal-4V7KCttA\lib\site-packages\django\core\handlers\exception.py", line 47, in inner
    response = get_response(request)
  File "C:\Users\vsevo\.virtualenvs\kiwapower_web_proposal-4V7KCttA\lib\site-packages\django\core\handlers\base.py", line 181, in _get_response
    response = wrapped_callback(request, *callback_args, **callback_kwargs)
  File "C:\Users\vsevo\.virtualenvs\kiwapower_web_proposal-4V7KCttA\lib\site-packages\django\views\decorators\csrf.py", line 54, in wrapped_view
    return view_func(*args, **kwargs)
  File "C:\Users\vsevo\.virtualenvs\kiwapower_web_proposal-4V7KCttA\lib\site-packages\django\views\generic\base.py", line 70, in view
    return self.dispatch(request, *args, **kwargs)
  File "C:\Users\vsevo\.virtualenvs\kiwapower_web_proposal-4V7KCttA\lib\site-packages\rest_framework\views.py", line 509, in dispatch
    response = self.handle_exception(exc)
  File "C:\Users\vsevo\.virtualenvs\kiwapower_web_proposal-4V7KCttA\lib\site-packages\rest_framework\views.py", line 469, in handle_exception
    self.raise_uncaught_exception(exc)
  File "C:\Users\vsevo\.virtualenvs\kiwapower_web_proposal-4V7KCttA\lib\site-packages\rest_framework\views.py", line 480, in raise_uncaught_exception
    raise exc
  File "C:\Users\vsevo\.virtualenvs\kiwapower_web_proposal-4V7KCttA\lib\site-packages\rest_framework\views.py", line 506, in dispatch
    response = handler(request, *args, **kwargs)
  File "C:\Users\vsevo\.virtualenvs\kiwapower_web_proposal-4V7KCttA\lib\site-packages\rest_framework\generics.py", line 208, in get
    return self.retrieve(request, *args, **kwargs)
  File "C:\Users\vsevo\.virtualenvs\kiwapower_web_proposal-4V7KCttA\lib\site-packages\rest_framework\mixins.py", line 56, in retrieve
    return Response(serializer.data)
  File "C:\Users\vsevo\.virtualenvs\kiwapower_web_proposal-4V7KCttA\lib\site-packages\rest_framework\serializers.py", line 548, in data
    ret = super().data
  File "C:\Users\vsevo\.virtualenvs\kiwapower_web_proposal-4V7KCttA\lib\site-packages\rest_framework\serializers.py", line 246, in data
    self._data = self.to_representation(self.instance)
  File "C:\Users\vsevo\.virtualenvs\kiwapower_web_proposal-4V7KCttA\lib\site-packages\rest_framework\serializers.py", line 515, in to_representation
    ret[field.field_name] = field.to_representation(attribute)
  File "C:\Users\vsevo\.virtualenvs\kiwapower_web_proposal-4V7KCttA\lib\site-packages\rest_framework\fields.py", line 1881, in to_representation
    method = getattr(self.parent, self.method_name)
AttributeError: 'SessionEventSerializer' object has no attribute 'get_session_url'
ERROR 2021-05-23 23:28:21,693 basehttp 17936 14420 "GET /api/v1/session-event-detail/288 HTTP/1.1" 500 120755
ERROR 2021-05-23 23:28:53,047 log 22120 22308 Internal Server Error: /api/v1/session-event-detail/288
Traceback (most recent call last):
  File "C:\Users\vsevo\.virtualenvs\kiwapower_web_proposal-4V7KCttA\lib\site-packages\django\core\handlers\exception.py", line 47, in inner
    response = get_response(request)
  File "C:\Users\vsevo\.virtualenvs\kiwapower_web_proposal-4V7KCttA\lib\site-packages\django\core\handlers\base.py", line 181, in _get_response
    response = wrapped_callback(request, *callback_args, **callback_kwargs)
  File "C:\Users\vsevo\.virtualenvs\kiwapower_web_proposal-4V7KCttA\lib\site-packages\django\views\decorators\csrf.py", line 54, in wrapped_view
    return view_func(*args, **kwargs)
  File "C:\Users\vsevo\.virtualenvs\kiwapower_web_proposal-4V7KCttA\lib\site-packages\django\views\generic\base.py", line 70, in view
    return self.dispatch(request, *args, **kwargs)
  File "C:\Users\vsevo\.virtualenvs\kiwapower_web_proposal-4V7KCttA\lib\site-packages\rest_framework\views.py", line 509, in dispatch
    response = self.handle_exception(exc)
  File "C:\Users\vsevo\.virtualenvs\kiwapower_web_proposal-4V7KCttA\lib\site-packages\rest_framework\views.py", line 469, in handle_exception
    self.raise_uncaught_exception(exc)
  File "C:\Users\vsevo\.virtualenvs\kiwapower_web_proposal-4V7KCttA\lib\site-packages\rest_framework\views.py", line 480, in raise_uncaught_exception
    raise exc
  File "C:\Users\vsevo\.virtualenvs\kiwapower_web_proposal-4V7KCttA\lib\site-packages\rest_framework\views.py", line 506, in dispatch
    response = handler(request, *args, **kwargs)
  File "C:\Users\vsevo\.virtualenvs\kiwapower_web_proposal-4V7KCttA\lib\site-packages\rest_framework\generics.py", line 208, in get
    return self.retrieve(request, *args, **kwargs)
  File "C:\Users\vsevo\.virtualenvs\kiwapower_web_proposal-4V7KCttA\lib\site-packages\rest_framework\mixins.py", line 56, in retrieve
    return Response(serializer.data)
  File "C:\Users\vsevo\.virtualenvs\kiwapower_web_proposal-4V7KCttA\lib\site-packages\rest_framework\serializers.py", line 548, in data
    ret = super().data
  File "C:\Users\vsevo\.virtualenvs\kiwapower_web_proposal-4V7KCttA\lib\site-packages\rest_framework\serializers.py", line 246, in data
    self._data = self.to_representation(self.instance)
  File "C:\Users\vsevo\.virtualenvs\kiwapower_web_proposal-4V7KCttA\lib\site-packages\rest_framework\serializers.py", line 515, in to_representation
    ret[field.field_name] = field.to_representation(attribute)
  File "C:\Users\vsevo\.virtualenvs\kiwapower_web_proposal-4V7KCttA\lib\site-packages\rest_framework\fields.py", line 1882, in to_representation
    return method(value)
TypeError: get_session_url() takes 1 positional argument but 2 were given
ERROR 2021-05-23 23:28:53,053 basehttp 22120 22308 "GET /api/v1/session-event-detail/288 HTTP/1.1" 500 121264
ERROR 2021-05-23 23:29:16,023 log 11708 22972 Internal Server Error: /api/v1/session-event-detail/288
Traceback (most recent call last):
  File "C:\Users\vsevo\.virtualenvs\kiwapower_web_proposal-4V7KCttA\lib\site-packages\django\core\handlers\exception.py", line 47, in inner
    response = get_response(request)
  File "C:\Users\vsevo\.virtualenvs\kiwapower_web_proposal-4V7KCttA\lib\site-packages\django\core\handlers\base.py", line 204, in _get_response
    response = response.render()
  File "C:\Users\vsevo\.virtualenvs\kiwapower_web_proposal-4V7KCttA\lib\site-packages\django\template\response.py", line 105, in render
    self.content = self.rendered_content
  File "C:\Users\vsevo\.virtualenvs\kiwapower_web_proposal-4V7KCttA\lib\site-packages\rest_framework\response.py", line 70, in rendered_content
    ret = renderer.render(self.data, accepted_media_type, context)
  File "C:\Users\vsevo\.virtualenvs\kiwapower_web_proposal-4V7KCttA\lib\site-packages\rest_framework\renderers.py", line 724, in render
    context = self.get_context(data, accepted_media_type, renderer_context)
  File "C:\Users\vsevo\.virtualenvs\kiwapower_web_proposal-4V7KCttA\lib\site-packages\rest_framework\renderers.py", line 680, in get_context
    'content': self.get_content(renderer, data, accepted_media_type, renderer_context),
  File "C:\Users\vsevo\.virtualenvs\kiwapower_web_proposal-4V7KCttA\lib\site-packages\rest_framework\renderers.py", line 413, in get_content
    content = renderer.render(data, accepted_media_type, renderer_context)
  File "C:\Users\vsevo\.virtualenvs\kiwapower_web_proposal-4V7KCttA\lib\site-packages\rest_framework\renderers.py", line 100, in render
    ret = json.dumps(
  File "C:\Users\vsevo\.virtualenvs\kiwapower_web_proposal-4V7KCttA\lib\site-packages\rest_framework\utils\json.py", line 25, in dumps
    return json.dumps(*args, **kwargs)
  File "c:\users\vsevo\appdata\local\programs\python\python39\lib\json\__init__.py", line 234, in dumps
    return cls(
  File "c:\users\vsevo\appdata\local\programs\python\python39\lib\json\encoder.py", line 201, in encode
    chunks = list(chunks)
  File "c:\users\vsevo\appdata\local\programs\python\python39\lib\json\encoder.py", line 431, in _iterencode
    yield from _iterencode_dict(o, _current_indent_level)
  File "c:\users\vsevo\appdata\local\programs\python\python39\lib\json\encoder.py", line 405, in _iterencode_dict
    yield from chunks
  File "c:\users\vsevo\appdata\local\programs\python\python39\lib\json\encoder.py", line 438, in _iterencode
    o = _default(o)
  File "C:\Users\vsevo\.virtualenvs\kiwapower_web_proposal-4V7KCttA\lib\site-packages\rest_framework\utils\encoders.py", line 67, in default
    return super().default(obj)
  File "c:\users\vsevo\appdata\local\programs\python\python39\lib\json\encoder.py", line 179, in default
    raise TypeError(f'Object of type {o.__class__.__name__} '
TypeError: Object of type HyperlinkedRelatedField is not JSON serializable
ERROR 2021-05-23 23:29:16,026 basehttp 11708 22972 "GET /api/v1/session-event-detail/288 HTTP/1.1" 500 148186
ERROR 2021-05-23 23:39:13,344 log 11040 11028 Internal Server Error: /api/v1/session-event-detail/288
Traceback (most recent call last):
  File "C:\Users\vsevo\.virtualenvs\kiwapower_web_proposal-4V7KCttA\lib\site-packages\django\core\handlers\exception.py", line 47, in inner
    response = get_response(request)
  File "C:\Users\vsevo\.virtualenvs\kiwapower_web_proposal-4V7KCttA\lib\site-packages\django\core\handlers\base.py", line 204, in _get_response
    response = response.render()
  File "C:\Users\vsevo\.virtualenvs\kiwapower_web_proposal-4V7KCttA\lib\site-packages\django\template\response.py", line 105, in render
    self.content = self.rendered_content
  File "C:\Users\vsevo\.virtualenvs\kiwapower_web_proposal-4V7KCttA\lib\site-packages\rest_framework\response.py", line 70, in rendered_content
    ret = renderer.render(self.data, accepted_media_type, context)
  File "C:\Users\vsevo\.virtualenvs\kiwapower_web_proposal-4V7KCttA\lib\site-packages\rest_framework\renderers.py", line 724, in render
    context = self.get_context(data, accepted_media_type, renderer_context)
  File "C:\Users\vsevo\.virtualenvs\kiwapower_web_proposal-4V7KCttA\lib\site-packages\rest_framework\renderers.py", line 680, in get_context
    'content': self.get_content(renderer, data, accepted_media_type, renderer_context),
  File "C:\Users\vsevo\.virtualenvs\kiwapower_web_proposal-4V7KCttA\lib\site-packages\rest_framework\renderers.py", line 413, in get_content
    content = renderer.render(data, accepted_media_type, renderer_context)
  File "C:\Users\vsevo\.virtualenvs\kiwapower_web_proposal-4V7KCttA\lib\site-packages\rest_framework\renderers.py", line 100, in render
    ret = json.dumps(
  File "C:\Users\vsevo\.virtualenvs\kiwapower_web_proposal-4V7KCttA\lib\site-packages\rest_framework\utils\json.py", line 25, in dumps
    return json.dumps(*args, **kwargs)
  File "c:\users\vsevo\appdata\local\programs\python\python39\lib\json\__init__.py", line 234, in dumps
    return cls(
  File "c:\users\vsevo\appdata\local\programs\python\python39\lib\json\encoder.py", line 201, in encode
    chunks = list(chunks)
  File "c:\users\vsevo\appdata\local\programs\python\python39\lib\json\encoder.py", line 431, in _iterencode
    yield from _iterencode_dict(o, _current_indent_level)
  File "c:\users\vsevo\appdata\local\programs\python\python39\lib\json\encoder.py", line 405, in _iterencode_dict
    yield from chunks
  File "c:\users\vsevo\appdata\local\programs\python\python39\lib\json\encoder.py", line 438, in _iterencode
    o = _default(o)
  File "C:\Users\vsevo\.virtualenvs\kiwapower_web_proposal-4V7KCttA\lib\site-packages\rest_framework\utils\encoders.py", line 67, in default
    return super().default(obj)
  File "c:\users\vsevo\appdata\local\programs\python\python39\lib\json\encoder.py", line 179, in default
    raise TypeError(f'Object of type {o.__class__.__name__} '
TypeError: Object of type HyperlinkedRelatedField is not JSON serializable
ERROR 2021-05-23 23:39:13,347 basehttp 11040 11028 "GET /api/v1/session-event-detail/288 HTTP/1.1" 500 148186
ERROR 2021-05-23 23:42:35,802 log 18216 22068 Internal Server Error: /api/v1/session-event-detail/288
Traceback (most recent call last):
  File "C:\Users\vsevo\.virtualenvs\kiwapower_web_proposal-4V7KCttA\lib\site-packages\django\core\handlers\exception.py", line 47, in inner
    response = get_response(request)
  File "C:\Users\vsevo\.virtualenvs\kiwapower_web_proposal-4V7KCttA\lib\site-packages\django\core\handlers\base.py", line 181, in _get_response
    response = wrapped_callback(request, *callback_args, **callback_kwargs)
  File "C:\Users\vsevo\.virtualenvs\kiwapower_web_proposal-4V7KCttA\lib\site-packages\django\views\decorators\csrf.py", line 54, in wrapped_view
    return view_func(*args, **kwargs)
  File "C:\Users\vsevo\.virtualenvs\kiwapower_web_proposal-4V7KCttA\lib\site-packages\django\views\generic\base.py", line 70, in view
    return self.dispatch(request, *args, **kwargs)
  File "C:\Users\vsevo\.virtualenvs\kiwapower_web_proposal-4V7KCttA\lib\site-packages\rest_framework\views.py", line 509, in dispatch
    response = self.handle_exception(exc)
  File "C:\Users\vsevo\.virtualenvs\kiwapower_web_proposal-4V7KCttA\lib\site-packages\rest_framework\views.py", line 469, in handle_exception
    self.raise_uncaught_exception(exc)
  File "C:\Users\vsevo\.virtualenvs\kiwapower_web_proposal-4V7KCttA\lib\site-packages\rest_framework\views.py", line 480, in raise_uncaught_exception
    raise exc
  File "C:\Users\vsevo\.virtualenvs\kiwapower_web_proposal-4V7KCttA\lib\site-packages\rest_framework\views.py", line 506, in dispatch
    response = handler(request, *args, **kwargs)
  File "C:\Users\vsevo\.virtualenvs\kiwapower_web_proposal-4V7KCttA\lib\site-packages\rest_framework\generics.py", line 208, in get
    return self.retrieve(request, *args, **kwargs)
  File "C:\Users\vsevo\.virtualenvs\kiwapower_web_proposal-4V7KCttA\lib\site-packages\rest_framework\mixins.py", line 56, in retrieve
    return Response(serializer.data)
  File "C:\Users\vsevo\.virtualenvs\kiwapower_web_proposal-4V7KCttA\lib\site-packages\rest_framework\serializers.py", line 548, in data
    ret = super().data
  File "C:\Users\vsevo\.virtualenvs\kiwapower_web_proposal-4V7KCttA\lib\site-packages\rest_framework\serializers.py", line 246, in data
    self._data = self.to_representation(self.instance)
  File "C:\Users\vsevo\.virtualenvs\kiwapower_web_proposal-4V7KCttA\lib\site-packages\rest_framework\serializers.py", line 515, in to_representation
    ret[field.field_name] = field.to_representation(attribute)
  File "C:\Users\vsevo\.virtualenvs\kiwapower_web_proposal-4V7KCttA\lib\site-packages\rest_framework\fields.py", line 1881, in to_representation
    method = getattr(self.parent, self.method_name)
AttributeError: 'SessionEventSerializer' object has no attribute 'get_session_url'
ERROR 2021-05-23 23:42:35,806 basehttp 18216 22068 "GET /api/v1/session-event-detail/288 HTTP/1.1" 500 120534
ERROR 2021-05-23 23:59:27,895 log 16992 17864 Internal Server Error: /api/v1/session-event-detail/288
Traceback (most recent call last):
  File "C:\Users\vsevo\.virtualenvs\kiwapower_web_proposal-4V7KCttA\lib\site-packages\django\core\handlers\exception.py", line 47, in inner
    response = get_response(request)
  File "C:\Users\vsevo\.virtualenvs\kiwapower_web_proposal-4V7KCttA\lib\site-packages\django\core\handlers\base.py", line 181, in _get_response
    response = wrapped_callback(request, *callback_args, **callback_kwargs)
  File "C:\Users\vsevo\.virtualenvs\kiwapower_web_proposal-4V7KCttA\lib\site-packages\django\views\decorators\csrf.py", line 54, in wrapped_view
    return view_func(*args, **kwargs)
  File "C:\Users\vsevo\.virtualenvs\kiwapower_web_proposal-4V7KCttA\lib\site-packages\django\views\generic\base.py", line 70, in view
    return self.dispatch(request, *args, **kwargs)
  File "C:\Users\vsevo\.virtualenvs\kiwapower_web_proposal-4V7KCttA\lib\site-packages\rest_framework\views.py", line 509, in dispatch
    response = self.handle_exception(exc)
  File "C:\Users\vsevo\.virtualenvs\kiwapower_web_proposal-4V7KCttA\lib\site-packages\rest_framework\views.py", line 469, in handle_exception
    self.raise_uncaught_exception(exc)
  File "C:\Users\vsevo\.virtualenvs\kiwapower_web_proposal-4V7KCttA\lib\site-packages\rest_framework\views.py", line 480, in raise_uncaught_exception
    raise exc
  File "C:\Users\vsevo\.virtualenvs\kiwapower_web_proposal-4V7KCttA\lib\site-packages\rest_framework\views.py", line 506, in dispatch
    response = handler(request, *args, **kwargs)
  File "C:\Users\vsevo\.virtualenvs\kiwapower_web_proposal-4V7KCttA\lib\site-packages\rest_framework\generics.py", line 208, in get
    return self.retrieve(request, *args, **kwargs)
  File "C:\Users\vsevo\.virtualenvs\kiwapower_web_proposal-4V7KCttA\lib\site-packages\rest_framework\mixins.py", line 56, in retrieve
    return Response(serializer.data)
  File "C:\Users\vsevo\.virtualenvs\kiwapower_web_proposal-4V7KCttA\lib\site-packages\rest_framework\serializers.py", line 548, in data
    ret = super().data
  File "C:\Users\vsevo\.virtualenvs\kiwapower_web_proposal-4V7KCttA\lib\site-packages\rest_framework\serializers.py", line 246, in data
    self._data = self.to_representation(self.instance)
  File "C:\Users\vsevo\.virtualenvs\kiwapower_web_proposal-4V7KCttA\lib\site-packages\rest_framework\serializers.py", line 500, in to_representation
    for field in fields:
  File "C:\Users\vsevo\.virtualenvs\kiwapower_web_proposal-4V7KCttA\lib\site-packages\rest_framework\serializers.py", line 361, in _readable_fields
    for field in self.fields.values():
  File "C:\Users\vsevo\.virtualenvs\kiwapower_web_proposal-4V7KCttA\lib\site-packages\django\utils\functional.py", line 48, in __get__
    res = instance.__dict__[self.name] = self.func(instance)
  File "C:\Users\vsevo\.virtualenvs\kiwapower_web_proposal-4V7KCttA\lib\site-packages\rest_framework\serializers.py", line 349, in fields
    for key, value in self.get_fields().items():
  File "C:\Users\vsevo\.virtualenvs\kiwapower_web_proposal-4V7KCttA\lib\site-packages\rest_framework\serializers.py", line 1029, in get_fields
    field_names = self.get_field_names(declared_fields, info)
  File "C:\Users\vsevo\.virtualenvs\kiwapower_web_proposal-4V7KCttA\lib\site-packages\rest_framework\serializers.py", line 1125, in get_field_names
    assert field_name in fields, (
AssertionError: The field 'session_url' was declared on serializer SessionEventSerializer, but has not been included in the 'fields' option.
ERROR 2021-05-23 23:59:27,900 basehttp 16992 17864 "GET /api/v1/session-event-detail/288 HTTP/1.1" 500 139861
ERROR 2021-05-24 00:49:32,394 log 3756 21820 Internal Server Error: /docs/
Traceback (most recent call last):
  File "C:\Users\vsevo\.virtualenvs\kiwapower_web_proposal-4V7KCttA\lib\site-packages\django\core\handlers\exception.py", line 47, in inner
    response = get_response(request)
  File "C:\Users\vsevo\.virtualenvs\kiwapower_web_proposal-4V7KCttA\lib\site-packages\django\core\handlers\base.py", line 181, in _get_response
    response = wrapped_callback(request, *callback_args, **callback_kwargs)
  File "C:\Users\vsevo\.virtualenvs\kiwapower_web_proposal-4V7KCttA\lib\site-packages\django\views\generic\base.py", line 70, in view
    return self.dispatch(request, *args, **kwargs)
  File "C:\Users\vsevo\.virtualenvs\kiwapower_web_proposal-4V7KCttA\lib\site-packages\django\views\generic\base.py", line 98, in dispatch
    return handler(request, *args, **kwargs)
  File "F:\workspace\django\kiwapower_web_proposal\proposal\services.py", line 23, in clocked
    result = func(*args, **kwargs)
  File "F:\workspace\django\kiwapower_web_proposal\proposal\views.py", line 25, in get
    services.create_failed_session_record(request, proposal_id, email)
  File "F:\workspace\django\kiwapower_web_proposal\proposal\services.py", line 619, in create_failed_session_record
    client_ip = request.META['HTTP_X_REAL_IP']
KeyError: 'HTTP_X_REAL_IP'
ERROR 2021-05-24 00:49:32,396 basehttp 3756 21820 "GET /docs/ HTTP/1.1" 500 86418
ERROR 2021-05-24 00:49:59,230 log 9884 1904 Internal Server Error: /docs/
Traceback (most recent call last):
  File "C:\Users\vsevo\.virtualenvs\kiwapower_web_proposal-4V7KCttA\lib\site-packages\django\core\handlers\exception.py", line 47, in inner
    response = get_response(request)
  File "C:\Users\vsevo\.virtualenvs\kiwapower_web_proposal-4V7KCttA\lib\site-packages\django\core\handlers\base.py", line 204, in _get_response
    response = response.render()
  File "C:\Users\vsevo\.virtualenvs\kiwapower_web_proposal-4V7KCttA\lib\site-packages\django\template\response.py", line 105, in render
    self.content = self.rendered_content
  File "C:\Users\vsevo\.virtualenvs\kiwapower_web_proposal-4V7KCttA\lib\site-packages\django\template\response.py", line 83, in rendered_content
    return template.render(context, self._request)
  File "C:\Users\vsevo\.virtualenvs\kiwapower_web_proposal-4V7KCttA\lib\site-packages\django\template\backends\django.py", line 61, in render
    return self.template.render(context)
  File "C:\Users\vsevo\.virtualenvs\kiwapower_web_proposal-4V7KCttA\lib\site-packages\django\template\base.py", line 170, in render
    return self._render(context)
  File "C:\Users\vsevo\.virtualenvs\kiwapower_web_proposal-4V7KCttA\lib\site-packages\django\template\base.py", line 162, in _render
    return self.nodelist.render(context)
  File "C:\Users\vsevo\.virtualenvs\kiwapower_web_proposal-4V7KCttA\lib\site-packages\django\template\base.py", line 938, in render
    bit = node.render_annotated(context)
  File "C:\Users\vsevo\.virtualenvs\kiwapower_web_proposal-4V7KCttA\lib\site-packages\django\template\base.py", line 905, in render_annotated
    return self.render(context)
  File "C:\Users\vsevo\.virtualenvs\kiwapower_web_proposal-4V7KCttA\lib\site-packages\django\template\defaulttags.py", line 446, in render
    url = reverse(view_name, args=args, kwargs=kwargs, current_app=current_app)
  File "C:\Users\vsevo\.virtualenvs\kiwapower_web_proposal-4V7KCttA\lib\site-packages\django\urls\base.py", line 86, in reverse
    return resolver._reverse_with_prefix(view, prefix, *args, **kwargs)
  File "C:\Users\vsevo\.virtualenvs\kiwapower_web_proposal-4V7KCttA\lib\site-packages\django\urls\resolvers.py", line 694, in _reverse_with_prefix
    raise NoReverseMatch(msg)
django.urls.exceptions.NoReverseMatch: Reverse for 'openapi-schema' not found. 'openapi-schema' is not a valid view function or pattern name.
ERROR 2021-05-24 00:49:59,235 basehttp 9884 1904 "GET /docs/ HTTP/1.1" 500 115796
ERROR 2021-05-24 00:51:14,125 log 21080 7888 Internal Server Error: /docs/
Traceback (most recent call last):
  File "C:\Users\vsevo\.virtualenvs\kiwapower_web_proposal-4V7KCttA\lib\site-packages\django\core\handlers\exception.py", line 47, in inner
    response = get_response(request)
  File "C:\Users\vsevo\.virtualenvs\kiwapower_web_proposal-4V7KCttA\lib\site-packages\django\core\handlers\base.py", line 204, in _get_response
    response = response.render()
  File "C:\Users\vsevo\.virtualenvs\kiwapower_web_proposal-4V7KCttA\lib\site-packages\django\template\response.py", line 105, in render
    self.content = self.rendered_content
  File "C:\Users\vsevo\.virtualenvs\kiwapower_web_proposal-4V7KCttA\lib\site-packages\django\template\response.py", line 83, in rendered_content
    return template.render(context, self._request)
  File "C:\Users\vsevo\.virtualenvs\kiwapower_web_proposal-4V7KCttA\lib\site-packages\django\template\backends\django.py", line 61, in render
    return self.template.render(context)
  File "C:\Users\vsevo\.virtualenvs\kiwapower_web_proposal-4V7KCttA\lib\site-packages\django\template\base.py", line 170, in render
    return self._render(context)
  File "C:\Users\vsevo\.virtualenvs\kiwapower_web_proposal-4V7KCttA\lib\site-packages\django\template\base.py", line 162, in _render
    return self.nodelist.render(context)
  File "C:\Users\vsevo\.virtualenvs\kiwapower_web_proposal-4V7KCttA\lib\site-packages\django\template\base.py", line 938, in render
    bit = node.render_annotated(context)
  File "C:\Users\vsevo\.virtualenvs\kiwapower_web_proposal-4V7KCttA\lib\site-packages\django\template\base.py", line 905, in render_annotated
    return self.render(context)
  File "C:\Users\vsevo\.virtualenvs\kiwapower_web_proposal-4V7KCttA\lib\site-packages\django\template\defaulttags.py", line 446, in render
    url = reverse(view_name, args=args, kwargs=kwargs, current_app=current_app)
  File "C:\Users\vsevo\.virtualenvs\kiwapower_web_proposal-4V7KCttA\lib\site-packages\django\urls\base.py", line 86, in reverse
    return resolver._reverse_with_prefix(view, prefix, *args, **kwargs)
  File "C:\Users\vsevo\.virtualenvs\kiwapower_web_proposal-4V7KCttA\lib\site-packages\django\urls\resolvers.py", line 694, in _reverse_with_prefix
    raise NoReverseMatch(msg)
django.urls.exceptions.NoReverseMatch: Reverse for 'openapi-schema' not found. 'openapi-schema' is not a valid view function or pattern name.
ERROR 2021-05-24 00:51:14,129 basehttp 21080 7888 "GET /docs/ HTTP/1.1" 500 115796
ERROR 2021-05-24 00:51:16,392 log 21080 7888 Internal Server Error: /docs/
Traceback (most recent call last):
  File "C:\Users\vsevo\.virtualenvs\kiwapower_web_proposal-4V7KCttA\lib\site-packages\django\core\handlers\exception.py", line 47, in inner
    response = get_response(request)
  File "C:\Users\vsevo\.virtualenvs\kiwapower_web_proposal-4V7KCttA\lib\site-packages\django\core\handlers\base.py", line 204, in _get_response
    response = response.render()
  File "C:\Users\vsevo\.virtualenvs\kiwapower_web_proposal-4V7KCttA\lib\site-packages\django\template\response.py", line 105, in render
    self.content = self.rendered_content
  File "C:\Users\vsevo\.virtualenvs\kiwapower_web_proposal-4V7KCttA\lib\site-packages\django\template\response.py", line 83, in rendered_content
    return template.render(context, self._request)
  File "C:\Users\vsevo\.virtualenvs\kiwapower_web_proposal-4V7KCttA\lib\site-packages\django\template\backends\django.py", line 61, in render
    return self.template.render(context)
  File "C:\Users\vsevo\.virtualenvs\kiwapower_web_proposal-4V7KCttA\lib\site-packages\django\template\base.py", line 170, in render
    return self._render(context)
  File "C:\Users\vsevo\.virtualenvs\kiwapower_web_proposal-4V7KCttA\lib\site-packages\django\template\base.py", line 162, in _render
    return self.nodelist.render(context)
  File "C:\Users\vsevo\.virtualenvs\kiwapower_web_proposal-4V7KCttA\lib\site-packages\django\template\base.py", line 938, in render
    bit = node.render_annotated(context)
  File "C:\Users\vsevo\.virtualenvs\kiwapower_web_proposal-4V7KCttA\lib\site-packages\django\template\base.py", line 905, in render_annotated
    return self.render(context)
  File "C:\Users\vsevo\.virtualenvs\kiwapower_web_proposal-4V7KCttA\lib\site-packages\django\template\defaulttags.py", line 446, in render
    url = reverse(view_name, args=args, kwargs=kwargs, current_app=current_app)
  File "C:\Users\vsevo\.virtualenvs\kiwapower_web_proposal-4V7KCttA\lib\site-packages\django\urls\base.py", line 86, in reverse
    return resolver._reverse_with_prefix(view, prefix, *args, **kwargs)
  File "C:\Users\vsevo\.virtualenvs\kiwapower_web_proposal-4V7KCttA\lib\site-packages\django\urls\resolvers.py", line 694, in _reverse_with_prefix
    raise NoReverseMatch(msg)
django.urls.exceptions.NoReverseMatch: Reverse for 'openapi-schema' not found. 'openapi-schema' is not a valid view function or pattern name.
ERROR 2021-05-24 00:51:16,394 basehttp 21080 7888 "GET /docs/ HTTP/1.1" 500 115796
ERROR 2021-05-24 00:52:56,733 log 21080 7888 Internal Server Error: /docs/
Traceback (most recent call last):
  File "C:\Users\vsevo\.virtualenvs\kiwapower_web_proposal-4V7KCttA\lib\site-packages\django\core\handlers\exception.py", line 47, in inner
    response = get_response(request)
  File "C:\Users\vsevo\.virtualenvs\kiwapower_web_proposal-4V7KCttA\lib\site-packages\django\core\handlers\base.py", line 204, in _get_response
    response = response.render()
  File "C:\Users\vsevo\.virtualenvs\kiwapower_web_proposal-4V7KCttA\lib\site-packages\django\template\response.py", line 105, in render
    self.content = self.rendered_content
  File "C:\Users\vsevo\.virtualenvs\kiwapower_web_proposal-4V7KCttA\lib\site-packages\django\template\response.py", line 83, in rendered_content
    return template.render(context, self._request)
  File "C:\Users\vsevo\.virtualenvs\kiwapower_web_proposal-4V7KCttA\lib\site-packages\django\template\backends\django.py", line 61, in render
    return self.template.render(context)
  File "C:\Users\vsevo\.virtualenvs\kiwapower_web_proposal-4V7KCttA\lib\site-packages\django\template\base.py", line 170, in render
    return self._render(context)
  File "C:\Users\vsevo\.virtualenvs\kiwapower_web_proposal-4V7KCttA\lib\site-packages\django\template\base.py", line 162, in _render
    return self.nodelist.render(context)
  File "C:\Users\vsevo\.virtualenvs\kiwapower_web_proposal-4V7KCttA\lib\site-packages\django\template\base.py", line 938, in render
    bit = node.render_annotated(context)
  File "C:\Users\vsevo\.virtualenvs\kiwapower_web_proposal-4V7KCttA\lib\site-packages\django\template\base.py", line 905, in render_annotated
    return self.render(context)
  File "C:\Users\vsevo\.virtualenvs\kiwapower_web_proposal-4V7KCttA\lib\site-packages\django\template\defaulttags.py", line 446, in render
    url = reverse(view_name, args=args, kwargs=kwargs, current_app=current_app)
  File "C:\Users\vsevo\.virtualenvs\kiwapower_web_proposal-4V7KCttA\lib\site-packages\django\urls\base.py", line 86, in reverse
    return resolver._reverse_with_prefix(view, prefix, *args, **kwargs)
  File "C:\Users\vsevo\.virtualenvs\kiwapower_web_proposal-4V7KCttA\lib\site-packages\django\urls\resolvers.py", line 694, in _reverse_with_prefix
    raise NoReverseMatch(msg)
django.urls.exceptions.NoReverseMatch: Reverse for 'openapi-schema' not found. 'openapi-schema' is not a valid view function or pattern name.
ERROR 2021-05-24 00:52:56,735 basehttp 21080 7888 "GET /docs/ HTTP/1.1" 500 115796
ERROR 2021-05-24 00:52:58,177 log 21080 7888 Internal Server Error: /docs/
Traceback (most recent call last):
  File "C:\Users\vsevo\.virtualenvs\kiwapower_web_proposal-4V7KCttA\lib\site-packages\django\core\handlers\exception.py", line 47, in inner
    response = get_response(request)
  File "C:\Users\vsevo\.virtualenvs\kiwapower_web_proposal-4V7KCttA\lib\site-packages\django\core\handlers\base.py", line 204, in _get_response
    response = response.render()
  File "C:\Users\vsevo\.virtualenvs\kiwapower_web_proposal-4V7KCttA\lib\site-packages\django\template\response.py", line 105, in render
    self.content = self.rendered_content
  File "C:\Users\vsevo\.virtualenvs\kiwapower_web_proposal-4V7KCttA\lib\site-packages\django\template\response.py", line 83, in rendered_content
    return template.render(context, self._request)
  File "C:\Users\vsevo\.virtualenvs\kiwapower_web_proposal-4V7KCttA\lib\site-packages\django\template\backends\django.py", line 61, in render
    return self.template.render(context)
  File "C:\Users\vsevo\.virtualenvs\kiwapower_web_proposal-4V7KCttA\lib\site-packages\django\template\base.py", line 170, in render
    return self._render(context)
  File "C:\Users\vsevo\.virtualenvs\kiwapower_web_proposal-4V7KCttA\lib\site-packages\django\template\base.py", line 162, in _render
    return self.nodelist.render(context)
  File "C:\Users\vsevo\.virtualenvs\kiwapower_web_proposal-4V7KCttA\lib\site-packages\django\template\base.py", line 938, in render
    bit = node.render_annotated(context)
  File "C:\Users\vsevo\.virtualenvs\kiwapower_web_proposal-4V7KCttA\lib\site-packages\django\template\base.py", line 905, in render_annotated
    return self.render(context)
  File "C:\Users\vsevo\.virtualenvs\kiwapower_web_proposal-4V7KCttA\lib\site-packages\django\template\defaulttags.py", line 446, in render
    url = reverse(view_name, args=args, kwargs=kwargs, current_app=current_app)
  File "C:\Users\vsevo\.virtualenvs\kiwapower_web_proposal-4V7KCttA\lib\site-packages\django\urls\base.py", line 86, in reverse
    return resolver._reverse_with_prefix(view, prefix, *args, **kwargs)
  File "C:\Users\vsevo\.virtualenvs\kiwapower_web_proposal-4V7KCttA\lib\site-packages\django\urls\resolvers.py", line 694, in _reverse_with_prefix
    raise NoReverseMatch(msg)
django.urls.exceptions.NoReverseMatch: Reverse for 'openapi-schema' not found. 'openapi-schema' is not a valid view function or pattern name.
ERROR 2021-05-24 00:52:58,180 basehttp 21080 7888 "GET /docs/ HTTP/1.1" 500 115796
ERROR 2021-05-24 01:00:57,640 log 8068 14904 Internal Server Error: /api/v1/openapi
Traceback (most recent call last):
  File "C:\Users\vsevo\.virtualenvs\kiwapower_web_proposal-4V7KCttA\lib\site-packages\django\core\handlers\exception.py", line 47, in inner
    response = get_response(request)
  File "C:\Users\vsevo\.virtualenvs\kiwapower_web_proposal-4V7KCttA\lib\site-packages\django\core\handlers\base.py", line 181, in _get_response
    response = wrapped_callback(request, *callback_args, **callback_kwargs)
  File "C:\Users\vsevo\.virtualenvs\kiwapower_web_proposal-4V7KCttA\lib\site-packages\django\views\decorators\csrf.py", line 54, in wrapped_view
    return view_func(*args, **kwargs)
  File "C:\Users\vsevo\.virtualenvs\kiwapower_web_proposal-4V7KCttA\lib\site-packages\django\views\generic\base.py", line 70, in view
    return self.dispatch(request, *args, **kwargs)
  File "C:\Users\vsevo\.virtualenvs\kiwapower_web_proposal-4V7KCttA\lib\site-packages\rest_framework\views.py", line 509, in dispatch
    response = self.handle_exception(exc)
  File "C:\Users\vsevo\.virtualenvs\kiwapower_web_proposal-4V7KCttA\lib\site-packages\rest_framework\schemas\views.py", line 48, in handle_exception
    return super().handle_exception(exc)
  File "C:\Users\vsevo\.virtualenvs\kiwapower_web_proposal-4V7KCttA\lib\site-packages\rest_framework\views.py", line 469, in handle_exception
    self.raise_uncaught_exception(exc)
  File "C:\Users\vsevo\.virtualenvs\kiwapower_web_proposal-4V7KCttA\lib\site-packages\rest_framework\views.py", line 480, in raise_uncaught_exception
    raise exc
  File "C:\Users\vsevo\.virtualenvs\kiwapower_web_proposal-4V7KCttA\lib\site-packages\rest_framework\views.py", line 506, in dispatch
    response = handler(request, *args, **kwargs)
  File "C:\Users\vsevo\.virtualenvs\kiwapower_web_proposal-4V7KCttA\lib\site-packages\rest_framework\schemas\views.py", line 37, in get
    schema = self.schema_generator.get_schema(request, self.public)
  File "C:\Users\vsevo\.virtualenvs\kiwapower_web_proposal-4V7KCttA\lib\site-packages\rest_framework\schemas\openapi.py", line 81, in get_schema
    operation = view.schema.get_operation(path, method)
  File "C:\Users\vsevo\.virtualenvs\kiwapower_web_proposal-4V7KCttA\lib\site-packages\rest_framework\schemas\openapi.py", line 147, in get_operation
    operation['operationId'] = self.get_operation_id(path, method)
  File "C:\Users\vsevo\.virtualenvs\kiwapower_web_proposal-4V7KCttA\lib\site-packages\rest_framework\schemas\openapi.py", line 260, in get_operation_id
    name = self.get_operation_id_base(path, method, action)
  File "C:\Users\vsevo\.virtualenvs\kiwapower_web_proposal-4V7KCttA\lib\site-packages\rest_framework\schemas\openapi.py", line 225, in get_operation_id_base
    elif self.get_serializer(path, method) is not None:
  File "C:\Users\vsevo\.virtualenvs\kiwapower_web_proposal-4V7KCttA\lib\site-packages\rest_framework\schemas\openapi.py", line 610, in get_serializer
    return view.get_serializer()
  File "C:\Users\vsevo\.virtualenvs\kiwapower_web_proposal-4V7KCttA\lib\site-packages\rest_framework\generics.py", line 108, in get_serializer
    serializer_class = self.get_serializer_class()
  File "C:\Users\vsevo\.virtualenvs\kiwapower_web_proposal-4V7KCttA\lib\site-packages\rest_framework\generics.py", line 122, in get_serializer_class
    assert self.serializer_class is not None, (
AssertionError: 'ApiRoot' should either include a `serializer_class` attribute, or override the `get_serializer_class()` method.
ERROR 2021-05-24 01:00:57,644 basehttp 8068 14904 "GET /api/v1/openapi HTTP/1.1" 500 131861
ERROR 2021-05-24 01:01:09,668 log 8068 14904 Internal Server Error: /api/v1/openapi
Traceback (most recent call last):
  File "C:\Users\vsevo\.virtualenvs\kiwapower_web_proposal-4V7KCttA\lib\site-packages\django\core\handlers\exception.py", line 47, in inner
    response = get_response(request)
  File "C:\Users\vsevo\.virtualenvs\kiwapower_web_proposal-4V7KCttA\lib\site-packages\django\core\handlers\base.py", line 181, in _get_response
    response = wrapped_callback(request, *callback_args, **callback_kwargs)
  File "C:\Users\vsevo\.virtualenvs\kiwapower_web_proposal-4V7KCttA\lib\site-packages\django\views\decorators\csrf.py", line 54, in wrapped_view
    return view_func(*args, **kwargs)
  File "C:\Users\vsevo\.virtualenvs\kiwapower_web_proposal-4V7KCttA\lib\site-packages\django\views\generic\base.py", line 70, in view
    return self.dispatch(request, *args, **kwargs)
  File "C:\Users\vsevo\.virtualenvs\kiwapower_web_proposal-4V7KCttA\lib\site-packages\rest_framework\views.py", line 509, in dispatch
    response = self.handle_exception(exc)
  File "C:\Users\vsevo\.virtualenvs\kiwapower_web_proposal-4V7KCttA\lib\site-packages\rest_framework\schemas\views.py", line 48, in handle_exception
    return super().handle_exception(exc)
  File "C:\Users\vsevo\.virtualenvs\kiwapower_web_proposal-4V7KCttA\lib\site-packages\rest_framework\views.py", line 469, in handle_exception
    self.raise_uncaught_exception(exc)
  File "C:\Users\vsevo\.virtualenvs\kiwapower_web_proposal-4V7KCttA\lib\site-packages\rest_framework\views.py", line 480, in raise_uncaught_exception
    raise exc
  File "C:\Users\vsevo\.virtualenvs\kiwapower_web_proposal-4V7KCttA\lib\site-packages\rest_framework\views.py", line 506, in dispatch
    response = handler(request, *args, **kwargs)
  File "C:\Users\vsevo\.virtualenvs\kiwapower_web_proposal-4V7KCttA\lib\site-packages\rest_framework\schemas\views.py", line 37, in get
    schema = self.schema_generator.get_schema(request, self.public)
  File "C:\Users\vsevo\.virtualenvs\kiwapower_web_proposal-4V7KCttA\lib\site-packages\rest_framework\schemas\openapi.py", line 81, in get_schema
    operation = view.schema.get_operation(path, method)
  File "C:\Users\vsevo\.virtualenvs\kiwapower_web_proposal-4V7KCttA\lib\site-packages\rest_framework\schemas\openapi.py", line 147, in get_operation
    operation['operationId'] = self.get_operation_id(path, method)
  File "C:\Users\vsevo\.virtualenvs\kiwapower_web_proposal-4V7KCttA\lib\site-packages\rest_framework\schemas\openapi.py", line 260, in get_operation_id
    name = self.get_operation_id_base(path, method, action)
  File "C:\Users\vsevo\.virtualenvs\kiwapower_web_proposal-4V7KCttA\lib\site-packages\rest_framework\schemas\openapi.py", line 225, in get_operation_id_base
    elif self.get_serializer(path, method) is not None:
  File "C:\Users\vsevo\.virtualenvs\kiwapower_web_proposal-4V7KCttA\lib\site-packages\rest_framework\schemas\openapi.py", line 610, in get_serializer
    return view.get_serializer()
  File "C:\Users\vsevo\.virtualenvs\kiwapower_web_proposal-4V7KCttA\lib\site-packages\rest_framework\generics.py", line 108, in get_serializer
    serializer_class = self.get_serializer_class()
  File "C:\Users\vsevo\.virtualenvs\kiwapower_web_proposal-4V7KCttA\lib\site-packages\rest_framework\generics.py", line 122, in get_serializer_class
    assert self.serializer_class is not None, (
AssertionError: 'ApiRoot' should either include a `serializer_class` attribute, or override the `get_serializer_class()` method.
ERROR 2021-05-24 01:01:09,671 basehttp 8068 14904 "GET /api/v1/openapi HTTP/1.1" 500 131861
ERROR 2021-05-24 01:03:03,413 log 8068 14904 Internal Server Error: /api/v1/openapi
Traceback (most recent call last):
  File "C:\Users\vsevo\.virtualenvs\kiwapower_web_proposal-4V7KCttA\lib\site-packages\django\core\handlers\exception.py", line 47, in inner
    response = get_response(request)
  File "C:\Users\vsevo\.virtualenvs\kiwapower_web_proposal-4V7KCttA\lib\site-packages\django\core\handlers\base.py", line 181, in _get_response
    response = wrapped_callback(request, *callback_args, **callback_kwargs)
  File "C:\Users\vsevo\.virtualenvs\kiwapower_web_proposal-4V7KCttA\lib\site-packages\django\views\decorators\csrf.py", line 54, in wrapped_view
    return view_func(*args, **kwargs)
  File "C:\Users\vsevo\.virtualenvs\kiwapower_web_proposal-4V7KCttA\lib\site-packages\django\views\generic\base.py", line 70, in view
    return self.dispatch(request, *args, **kwargs)
  File "C:\Users\vsevo\.virtualenvs\kiwapower_web_proposal-4V7KCttA\lib\site-packages\rest_framework\views.py", line 509, in dispatch
    response = self.handle_exception(exc)
  File "C:\Users\vsevo\.virtualenvs\kiwapower_web_proposal-4V7KCttA\lib\site-packages\rest_framework\schemas\views.py", line 48, in handle_exception
    return super().handle_exception(exc)
  File "C:\Users\vsevo\.virtualenvs\kiwapower_web_proposal-4V7KCttA\lib\site-packages\rest_framework\views.py", line 469, in handle_exception
    self.raise_uncaught_exception(exc)
  File "C:\Users\vsevo\.virtualenvs\kiwapower_web_proposal-4V7KCttA\lib\site-packages\rest_framework\views.py", line 480, in raise_uncaught_exception
    raise exc
  File "C:\Users\vsevo\.virtualenvs\kiwapower_web_proposal-4V7KCttA\lib\site-packages\rest_framework\views.py", line 506, in dispatch
    response = handler(request, *args, **kwargs)
  File "C:\Users\vsevo\.virtualenvs\kiwapower_web_proposal-4V7KCttA\lib\site-packages\rest_framework\schemas\views.py", line 37, in get
    schema = self.schema_generator.get_schema(request, self.public)
  File "C:\Users\vsevo\.virtualenvs\kiwapower_web_proposal-4V7KCttA\lib\site-packages\rest_framework\schemas\openapi.py", line 81, in get_schema
    operation = view.schema.get_operation(path, method)
  File "C:\Users\vsevo\.virtualenvs\kiwapower_web_proposal-4V7KCttA\lib\site-packages\rest_framework\schemas\openapi.py", line 147, in get_operation
    operation['operationId'] = self.get_operation_id(path, method)
  File "C:\Users\vsevo\.virtualenvs\kiwapower_web_proposal-4V7KCttA\lib\site-packages\rest_framework\schemas\openapi.py", line 260, in get_operation_id
    name = self.get_operation_id_base(path, method, action)
  File "C:\Users\vsevo\.virtualenvs\kiwapower_web_proposal-4V7KCttA\lib\site-packages\rest_framework\schemas\openapi.py", line 225, in get_operation_id_base
    elif self.get_serializer(path, method) is not None:
  File "C:\Users\vsevo\.virtualenvs\kiwapower_web_proposal-4V7KCttA\lib\site-packages\rest_framework\schemas\openapi.py", line 610, in get_serializer
    return view.get_serializer()
  File "C:\Users\vsevo\.virtualenvs\kiwapower_web_proposal-4V7KCttA\lib\site-packages\rest_framework\generics.py", line 108, in get_serializer
    serializer_class = self.get_serializer_class()
  File "C:\Users\vsevo\.virtualenvs\kiwapower_web_proposal-4V7KCttA\lib\site-packages\rest_framework\generics.py", line 122, in get_serializer_class
    assert self.serializer_class is not None, (
AssertionError: 'ApiRoot' should either include a `serializer_class` attribute, or override the `get_serializer_class()` method.
ERROR 2021-05-24 01:03:03,416 basehttp 8068 14904 "GET /api/v1/openapi HTTP/1.1" 500 131861
WARNING 2021-05-24 01:17:54,230 log 19508 19592 Not Found: /api/v1/doc
WARNING 2021-05-24 01:17:54,230 basehttp 19508 19592 "GET /api/v1/doc HTTP/1.1" 404 4575
WARNING 2021-05-24 01:22:51,402 log 23536 21820 Not Found: /static/drf-yasg/url-polyfill.min.js
WARNING 2021-05-24 01:22:51,404 log 23536 22032 Not Found: /static/drf-yasg/redoc-init.js
WARNING 2021-05-24 01:22:51,405 basehttp 23536 21820 "GET /static/drf-yasg/url-polyfill.min.js HTTP/1.1" 404 3309
WARNING 2021-05-24 01:22:51,408 log 23536 18376 Not Found: /static/drf-yasg/redoc/redoc.min.js
WARNING 2021-05-24 01:22:51,408 basehttp 23536 22032 "GET /static/drf-yasg/redoc-init.js HTTP/1.1" 404 3309
WARNING 2021-05-24 01:22:51,409 log 23536 21476 Not Found: /static/drf-yasg/style.css
WARNING 2021-05-24 01:22:51,410 log 23536 19796 Not Found: /static/drf-yasg/insQ.min.js
WARNING 2021-05-24 01:22:51,411 basehttp 23536 21476 "GET /static/drf-yasg/style.css HTTP/1.1" 404 3309
WARNING 2021-05-24 01:22:51,411 basehttp 23536 18376 "GET /static/drf-yasg/redoc/redoc.min.js HTTP/1.1" 404 3309
WARNING 2021-05-24 01:22:51,412 basehttp 23536 19796 "GET /static/drf-yasg/insQ.min.js HTTP/1.1" 404 3309
WARNING 2021-05-24 01:22:51,418 log 23536 19796 Not Found: /static/drf-yasg/url-polyfill.min.js
WARNING 2021-05-24 01:22:51,418 basehttp 23536 19796 "GET /static/drf-yasg/url-polyfill.min.js HTTP/1.1" 404 3309
WARNING 2021-05-24 01:22:51,424 log 23536 19796 Not Found: /static/drf-yasg/redoc-init.js
WARNING 2021-05-24 01:22:51,424 basehttp 23536 19796 "GET /static/drf-yasg/redoc-init.js HTTP/1.1" 404 3309
WARNING 2021-05-24 01:22:51,429 log 23536 19796 Not Found: /static/drf-yasg/redoc/redoc.min.js
WARNING 2021-05-24 01:22:51,429 basehttp 23536 19796 "GET /static/drf-yasg/redoc/redoc.min.js HTTP/1.1" 404 3309
WARNING 2021-05-24 01:22:51,435 log 23536 19796 Not Found: /static/drf-yasg/redoc/redoc-logo.png
WARNING 2021-05-24 01:22:51,435 basehttp 23536 19796 "GET /static/drf-yasg/redoc/redoc-logo.png HTTP/1.1" 404 3309
WARNING 2021-05-24 01:23:02,171 log 23536 19796 Not Found: /static/drf-yasg/style.css
WARNING 2021-05-24 01:23:02,174 log 23536 21476 Not Found: /static/drf-yasg/swagger-ui-dist/swagger-ui.css
WARNING 2021-05-24 01:23:02,178 log 23536 18376 Not Found: /static/drf-yasg/swagger-ui-dist/swagger-ui-bundle.js
WARNING 2021-05-24 01:23:02,180 log 23536 22032 Not Found: /static/drf-yasg/swagger-ui-dist/swagger-ui-standalone-preset.js
WARNING 2021-05-24 01:23:02,182 log 23536 21820 Not Found: /static/drf-yasg/insQ.min.js
WARNING 2021-05-24 01:23:02,185 log 23536 22648 Not Found: /static/drf-yasg/immutable.min.js
WARNING 2021-05-24 01:23:02,185 basehttp 23536 21476 "GET /static/drf-yasg/swagger-ui-dist/swagger-ui.css HTTP/1.1" 404 3309
WARNING 2021-05-24 01:23:02,186 basehttp 23536 19796 "GET /static/drf-yasg/style.css HTTP/1.1" 404 3309
WARNING 2021-05-24 01:23:02,186 basehttp 23536 18376 "GET /static/drf-yasg/swagger-ui-dist/swagger-ui-bundle.js HTTP/1.1" 404 3309
WARNING 2021-05-24 01:23:02,187 basehttp 23536 22032 "GET /static/drf-yasg/swagger-ui-dist/swagger-ui-standalone-preset.js HTTP/1.1" 404 3309
WARNING 2021-05-24 01:23:02,188 basehttp 23536 21820 "GET /static/drf-yasg/insQ.min.js HTTP/1.1" 404 3309
WARNING 2021-05-24 01:23:02,189 basehttp 23536 22648 "GET /static/drf-yasg/immutable.min.js HTTP/1.1" 404 3309
WARNING 2021-05-24 01:23:02,193 log 23536 19796 Not Found: /static/drf-yasg/swagger-ui-init.js
WARNING 2021-05-24 01:23:02,196 log 23536 21476 Not Found: /static/drf-yasg/url-polyfill.min.js
WARNING 2021-05-24 01:23:02,198 log 23536 21820 Not Found: /static/drf-yasg/immutable.min.js
WARNING 2021-05-24 01:23:02,199 basehttp 23536 19796 "GET /static/drf-yasg/swagger-ui-init.js HTTP/1.1" 404 3309
WARNING 2021-05-24 01:23:02,199 basehttp 23536 21820 "GET /static/drf-yasg/immutable.min.js HTTP/1.1" 404 3309
WARNING 2021-05-24 01:23:02,200 basehttp 23536 21476 "GET /static/drf-yasg/url-polyfill.min.js HTTP/1.1" 404 3309
WARNING 2021-05-24 01:23:02,206 log 23536 21476 Not Found: /static/drf-yasg/swagger-ui-init.js
WARNING 2021-05-24 01:23:02,207 basehttp 23536 21476 "GET /static/drf-yasg/swagger-ui-init.js HTTP/1.1" 404 3309
WARNING 2021-05-24 01:23:06,162 log 23536 21476 Not Found: /accounts/login/
WARNING 2021-05-24 01:23:06,162 basehttp 23536 21476 "GET /accounts/login/?next=/api/v1/swagger/ HTTP/1.1" 404 3309
WARNING 2021-05-24 01:23:06,211 log 23536 21476 Not Found: /static/assets/vendor/bootstrap/css/bootstrap.min.css
WARNING 2021-05-24 01:23:06,214 log 23536 21820 Not Found: /static/assets/vendor/font-awesome-pro/css/all.min.css
WARNING 2021-05-24 01:23:06,217 log 23536 19796 Not Found: /static/assets/vendor/boxicons/css/boxicons.min.css
WARNING 2021-05-24 01:23:06,219 log 23536 18376 Not Found: /static/assets/vendor/aos/aos.css
WARNING 2021-05-24 01:23:06,222 log 23536 22032 Not Found: /static/assets/vendor/remixicon/remixicon.css
WARNING 2021-05-24 01:23:06,222 basehttp 23536 21476 "GET /static/assets/vendor/bootstrap/css/bootstrap.min.css HTTP/1.1" 404 3309
WARNING 2021-05-24 01:23:06,226 log 23536 22648 Not Found: /static/assets/vendor/venobox/venobox.css
WARNING 2021-05-24 01:23:06,228 log 23536 21476 Not Found: /static/assets/css/style.css
WARNING 2021-05-24 01:23:06,228 basehttp 23536 19796 "GET /static/assets/vendor/boxicons/css/boxicons.min.css HTTP/1.1" 404 3309
WARNING 2021-05-24 01:23:06,229 basehttp 23536 22032 "GET /static/assets/vendor/remixicon/remixicon.css HTTP/1.1" 404 3309
WARNING 2021-05-24 01:23:06,229 basehttp 23536 18376 "GET /static/assets/vendor/aos/aos.css HTTP/1.1" 404 3309
WARNING 2021-05-24 01:23:06,229 basehttp 23536 21820 "GET /static/assets/vendor/font-awesome-pro/css/all.min.css HTTP/1.1" 404 3309
WARNING 2021-05-24 01:23:06,230 basehttp 23536 21476 "GET /static/assets/css/style.css HTTP/1.1" 404 3309
WARNING 2021-05-24 01:23:06,233 log 23536 17612 Not Found: /static/assets/vendor/bootstrap/js/bootstrap.bundle.min.js
WARNING 2021-05-24 01:23:06,236 log 23536 22032 Not Found: /static/assets/vendor/jquery.easing/jquery.easing.min.js
WARNING 2021-05-24 01:23:06,236 basehttp 23536 22648 "GET /static/assets/vendor/venobox/venobox.css HTTP/1.1" 404 3309
WARNING 2021-05-24 01:23:06,238 log 23536 19796 Not Found: /static/assets/vendor/waypoints/jquery.waypoints.min.js
WARNING 2021-05-24 01:23:06,240 log 23536 21820 Not Found: /static/assets/vendor/jquery/jquery.min.js
WARNING 2021-05-24 01:23:06,242 log 23536 21476 Not Found: /static/assets/vendor/isotope-layout/isotope.pkgd.min.js
WARNING 2021-05-24 01:23:06,247 log 23536 6420 Not Found: /static/assets/vendor/venobox/venobox.min.js
WARNING 2021-05-24 01:23:06,248 basehttp 23536 19796 "GET /static/assets/vendor/waypoints/jquery.waypoints.min.js HTTP/1.1" 404 3309
WARNING 2021-05-24 01:23:06,249 basehttp 23536 22032 "GET /static/assets/vendor/jquery.easing/jquery.easing.min.js HTTP/1.1" 404 3309
WARNING 2021-05-24 01:23:06,249 basehttp 23536 17612 "GET /static/assets/vendor/bootstrap/js/bootstrap.bundle.min.js HTTP/1.1" 404 3309
WARNING 2021-05-24 01:23:06,253 log 23536 3316 Not Found: /static/assets/vendor/aos/aos.js
WARNING 2021-05-24 01:23:06,254 basehttp 23536 21820 "GET /static/assets/vendor/jquery/jquery.min.js HTTP/1.1" 404 3309
WARNING 2021-05-24 01:23:06,254 basehttp 23536 21476 "GET /static/assets/vendor/isotope-layout/isotope.pkgd.min.js HTTP/1.1" 404 3309
WARNING 2021-05-24 01:23:06,257 log 23536 19796 Not Found: /static/assets/img/kwlogo.png
WARNING 2021-05-24 01:23:06,260 log 23536 23096 Not Found: /static/assets/img/group.png
WARNING 2021-05-24 01:23:06,263 log 23536 17612 Not Found: /static/assets/js/main.js
WARNING 2021-05-24 01:23:06,264 basehttp 23536 6420 "GET /static/assets/vendor/venobox/venobox.min.js HTTP/1.1" 404 3309
WARNING 2021-05-24 01:23:06,264 basehttp 23536 3316 "GET /static/assets/vendor/aos/aos.js HTTP/1.1" 404 3309
WARNING 2021-05-24 01:23:06,266 basehttp 23536 23096 "GET /static/assets/img/group.png HTTP/1.1" 404 3309
WARNING 2021-05-24 01:23:06,266 basehttp 23536 17612 "GET /static/assets/js/main.js HTTP/1.1" 404 3309
WARNING 2021-05-24 01:23:06,267 basehttp 23536 19796 "GET /static/assets/img/kwlogo.png HTTP/1.1" 404 3309
WARNING 2021-05-24 01:23:06,411 log 23536 19796 Not Found: /static/assets/vendor/bootstrap/js/bootstrap.bundle.min.js
WARNING 2021-05-24 01:23:06,411 basehttp 23536 19796 "GET /static/assets/vendor/bootstrap/js/bootstrap.bundle.min.js HTTP/1.1" 404 3309
WARNING 2021-05-24 01:23:06,420 log 23536 19796 Not Found: /static/assets/vendor/jquery.easing/jquery.easing.min.js
WARNING 2021-05-24 01:23:06,420 basehttp 23536 19796 "GET /static/assets/vendor/jquery.easing/jquery.easing.min.js HTTP/1.1" 404 3309
WARNING 2021-05-24 01:23:06,424 log 23536 19796 Not Found: /static/assets/vendor/waypoints/jquery.waypoints.min.js
WARNING 2021-05-24 01:23:06,425 basehttp 23536 19796 "GET /static/assets/vendor/waypoints/jquery.waypoints.min.js HTTP/1.1" 404 3309
WARNING 2021-05-24 01:23:06,429 log 23536 19796 Not Found: /static/assets/vendor/isotope-layout/isotope.pkgd.min.js
WARNING 2021-05-24 01:23:06,429 basehttp 23536 19796 "GET /static/assets/vendor/isotope-layout/isotope.pkgd.min.js HTTP/1.1" 404 3309
WARNING 2021-05-24 01:23:06,435 log 23536 19796 Not Found: /static/assets/vendor/venobox/venobox.min.js
WARNING 2021-05-24 01:23:06,435 basehttp 23536 19796 "GET /static/assets/vendor/venobox/venobox.min.js HTTP/1.1" 404 3309
WARNING 2021-05-24 01:23:06,439 log 23536 19796 Not Found: /static/assets/vendor/aos/aos.js
WARNING 2021-05-24 01:23:06,439 basehttp 23536 19796 "GET /static/assets/vendor/aos/aos.js HTTP/1.1" 404 3309
WARNING 2021-05-24 01:23:06,444 log 23536 19796 Not Found: /static/assets/js/main.js
WARNING 2021-05-24 01:23:06,444 basehttp 23536 19796 "GET /static/assets/js/main.js HTTP/1.1" 404 3309
WARNING 2021-05-24 01:23:06,453 log 23536 19796 Not Found: /static/assets/img/favicon.ico
WARNING 2021-05-24 01:23:06,454 basehttp 23536 19796 "GET /static/assets/img/favicon.ico HTTP/1.1" 404 3309
WARNING 2021-05-24 01:23:09,575 log 23536 19796 Not Found: /static/drf-yasg/swagger-ui-dist/swagger-ui-bundle.js
WARNING 2021-05-24 01:23:09,576 basehttp 23536 19796 "GET /static/drf-yasg/swagger-ui-dist/swagger-ui-bundle.js HTTP/1.1" 404 3309
WARNING 2021-05-24 01:23:34,656 log 20344 16948 Not Found: /accounts/login/
WARNING 2021-05-24 01:23:34,656 basehttp 20344 16948 "GET /accounts/login/?next=/api/v1/swagger/ HTTP/1.1" 404 3371
WARNING 2021-05-24 01:25:27,972 log 20344 16948 Not Found: /accounts/login/
WARNING 2021-05-24 01:25:27,973 basehttp 20344 16948 "GET /accounts/login/?next=/api/v1/swagger/ HTTP/1.1" 404 3371
WARNING 2021-05-24 15:35:51,194 log 15392 7328 Not Found: /static/assets/css/style.css
WARNING 2021-05-24 15:35:51,194 basehttp 15392 7328 "GET /static/assets/css/style.css HTTP/1.1" 404 3309
WARNING 2021-05-24 15:35:51,225 log 15392 22180 Not Found: /static/assets/vendor/bootstrap/js/bootstrap.bundle.min.js
WARNING 2021-05-24 15:35:51,227 basehttp 15392 22180 "GET /static/assets/vendor/bootstrap/js/bootstrap.bundle.min.js HTTP/1.1" 404 3309
WARNING 2021-05-24 15:35:51,249 log 15392 13120 Not Found: /static/assets/vendor/jquery.easing/jquery.easing.min.js
WARNING 2021-05-24 15:35:51,250 basehttp 15392 13120 "GET /static/assets/vendor/jquery.easing/jquery.easing.min.js HTTP/1.1" 404 3309
WARNING 2021-05-24 15:35:51,251 log 15392 16256 Not Found: /static/assets/vendor/waypoints/jquery.waypoints.min.js
WARNING 2021-05-24 15:35:51,251 basehttp 15392 16256 "GET /static/assets/vendor/waypoints/jquery.waypoints.min.js HTTP/1.1" 404 3309
WARNING 2021-05-24 15:35:51,259 log 15392 17648 Not Found: /static/assets/vendor/isotope-layout/isotope.pkgd.min.js
WARNING 2021-05-24 15:35:51,264 log 15392 22980 Not Found: /static/assets/vendor/jquery/jquery.min.js
WARNING 2021-05-24 15:35:51,264 basehttp 15392 17648 "GET /static/assets/vendor/isotope-layout/isotope.pkgd.min.js HTTP/1.1" 404 3309
WARNING 2021-05-24 15:35:51,265 basehttp 15392 22980 "GET /static/assets/vendor/jquery/jquery.min.js HTTP/1.1" 404 3309
WARNING 2021-05-24 15:35:51,298 log 15392 7328 Not Found: /static/assets/vendor/venobox/venobox.min.js
WARNING 2021-05-24 15:35:51,298 basehttp 15392 7328 "GET /static/assets/vendor/venobox/venobox.min.js HTTP/1.1" 404 3309
WARNING 2021-05-24 15:35:51,354 log 15392 22180 Not Found: /static/assets/vendor/aos/aos.js
WARNING 2021-05-24 15:35:51,355 basehttp 15392 22180 "GET /static/assets/vendor/aos/aos.js HTTP/1.1" 404 3309
WARNING 2021-05-24 15:35:51,371 log 15392 13120 Not Found: /static/assets/js/main.js
WARNING 2021-05-24 15:35:51,374 basehttp 15392 13120 "GET /static/assets/js/main.js HTTP/1.1" 404 3309
WARNING 2021-05-24 15:35:51,387 log 15392 16256 Not Found: /static/assets/img/kwlogo.png
WARNING 2021-05-24 15:35:51,387 basehttp 15392 16256 "GET /static/assets/img/kwlogo.png HTTP/1.1" 404 3309
WARNING 2021-05-24 15:35:51,388 log 15392 22980 Not Found: /static/assets/img/group.png
WARNING 2021-05-24 15:35:51,389 basehttp 15392 22980 "GET /static/assets/img/group.png HTTP/1.1" 404 3309
WARNING 2021-05-24 15:35:51,390 log 15392 17648 Not Found: /static/assets/img/footerkwlogo.png
WARNING 2021-05-24 15:35:51,390 basehttp 15392 17648 "GET /static/assets/img/footerkwlogo.png HTTP/1.1" 404 3309
WARNING 2021-05-24 15:35:51,432 log 15392 7328 Not Found: /static/assets/img/footergroup.png
WARNING 2021-05-24 15:35:51,433 basehttp 15392 7328 "GET /static/assets/img/footergroup.png HTTP/1.1" 404 3309
WARNING 2021-05-24 15:35:51,479 log 15392 22180 Not Found: /static/assets/img/bequerel_2.png
WARNING 2021-05-24 15:35:51,479 basehttp 15392 22180 "GET /static/assets/img/bequerel_2.png HTTP/1.1" 404 3309
WARNING 2021-05-24 15:35:51,587 log 15392 13120 Not Found: /static/assets/img/asolmex.png
WARNING 2021-05-24 15:35:51,588 basehttp 15392 13120 "GET /static/assets/img/asolmex.png HTTP/1.1" 404 3309
WARNING 2021-05-24 15:35:51,600 log 15392 17648 Not Found: /static/assets/img/solar_panels.mp4
WARNING 2021-05-24 15:35:51,600 basehttp 15392 17648 "GET /static/assets/img/solar_panels.mp4 HTTP/1.1" 404 3309
WARNING 2021-05-24 15:35:51,787 log 15392 13120 Not Found: /static/assets/vendor/font-awesome-pro/webfonts/pro-fa-solid-900-5.10.2.woff2
WARNING 2021-05-24 15:35:51,787 basehttp 15392 13120 "GET /static/assets/vendor/font-awesome-pro/webfonts/pro-fa-solid-900-5.10.2.woff2 HTTP/1.1" 404 3309
WARNING 2021-05-24 15:35:51,788 log 15392 17648 Not Found: /static/assets/vendor/font-awesome-pro/webfonts/pro-fa-solid-900-5.0.0.woff2
WARNING 2021-05-24 15:35:51,789 basehttp 15392 17648 "GET /static/assets/vendor/font-awesome-pro/webfonts/pro-fa-solid-900-5.0.0.woff2 HTTP/1.1" 404 3309
WARNING 2021-05-24 15:35:51,806 log 15392 22180 Not Found: /static/assets/vendor/bootstrap/js/bootstrap.bundle.min.js
WARNING 2021-05-24 15:35:51,806 basehttp 15392 22180 "GET /static/assets/vendor/bootstrap/js/bootstrap.bundle.min.js HTTP/1.1" 404 3309
WARNING 2021-05-24 15:35:51,877 log 15392 17648 Not Found: /static/assets/vendor/font-awesome-pro/webfonts/pro-fa-solid-900-5.10.2.woff
WARNING 2021-05-24 15:35:51,878 basehttp 15392 17648 "GET /static/assets/vendor/font-awesome-pro/webfonts/pro-fa-solid-900-5.10.2.woff HTTP/1.1" 404 3309
WARNING 2021-05-24 15:35:51,880 log 15392 13120 Not Found: /static/assets/vendor/font-awesome-pro/webfonts/pro-fa-solid-900-5.0.0.woff
WARNING 2021-05-24 15:35:51,880 basehttp 15392 13120 "GET /static/assets/vendor/font-awesome-pro/webfonts/pro-fa-solid-900-5.0.0.woff HTTP/1.1" 404 3309
WARNING 2021-05-24 15:35:51,902 log 15392 22180 Not Found: /static/assets/vendor/jquery.easing/jquery.easing.min.js
WARNING 2021-05-24 15:35:51,902 basehttp 15392 22180 "GET /static/assets/vendor/jquery.easing/jquery.easing.min.js HTTP/1.1" 404 3309
WARNING 2021-05-24 15:35:51,961 log 15392 17648 Not Found: /static/assets/vendor/font-awesome-pro/webfonts/pro-fa-solid-900-5.0.0.ttf
WARNING 2021-05-24 15:35:51,963 basehttp 15392 17648 "GET /static/assets/vendor/font-awesome-pro/webfonts/pro-fa-solid-900-5.0.0.ttf HTTP/1.1" 404 3309
WARNING 2021-05-24 15:35:51,965 log 15392 13120 Not Found: /static/assets/vendor/font-awesome-pro/webfonts/pro-fa-solid-900-5.10.2.ttf
WARNING 2021-05-24 15:35:51,965 basehttp 15392 13120 "GET /static/assets/vendor/font-awesome-pro/webfonts/pro-fa-solid-900-5.10.2.ttf HTTP/1.1" 404 3309
WARNING 2021-05-24 15:35:51,983 log 15392 22180 Not Found: /static/assets/vendor/waypoints/jquery.waypoints.min.js
WARNING 2021-05-24 15:35:51,983 basehttp 15392 22180 "GET /static/assets/vendor/waypoints/jquery.waypoints.min.js HTTP/1.1" 404 3309
WARNING 2021-05-24 15:35:52,042 log 15392 22180 Not Found: /static/assets/vendor/isotope-layout/isotope.pkgd.min.js
WARNING 2021-05-24 15:35:52,042 basehttp 15392 22180 "GET /static/assets/vendor/isotope-layout/isotope.pkgd.min.js HTTP/1.1" 404 3309
WARNING 2021-05-24 15:35:52,101 log 15392 22180 Not Found: /static/assets/vendor/venobox/venobox.min.js
WARNING 2021-05-24 15:35:52,101 basehttp 15392 22180 "GET /static/assets/vendor/venobox/venobox.min.js HTTP/1.1" 404 3309
WARNING 2021-05-24 15:35:52,165 log 15392 22180 Not Found: /static/assets/vendor/aos/aos.js
WARNING 2021-05-24 15:35:52,166 basehttp 15392 22180 "GET /static/assets/vendor/aos/aos.js HTTP/1.1" 404 3309
WARNING 2021-05-24 15:35:52,230 log 15392 22180 Not Found: /static/assets/js/main.js
WARNING 2021-05-24 15:35:52,230 basehttp 15392 22180 "GET /static/assets/js/main.js HTTP/1.1" 404 3309
WARNING 2021-05-24 17:32:55,563 basehttp 20788 20524 "GET /static/assets/vendor/pdfjs/web/static/assets/vendor/pdfjs/images/toolbarButton-menuArrow.svg HTTP/1.1" 404 1883
WARNING 2021-05-24 17:34:46,645 basehttp 20788 22692 "GET /static/assets/vendor/pdfjs/web/static/assets/vendor/pdfjs/images/toolbarButton-menuArrow.svg HTTP/1.1" 404 1883
WARNING 2021-05-24 17:37:37,736 basehttp 20788 13152 "GET /static/assets/vendor/pdfjs/web/static/assets/vendor/pdfjs/images/toolbarButton-menuArrow.svg HTTP/1.1" 404 1883
WARNING 2021-05-24 17:38:34,567 basehttp 20788 16928 "GET /static/assets/vendor/pdfjs/web/static/assets/vendor/pdfjs/images/toolbarButton-menuArrow.svg HTTP/1.1" 404 1883
WARNING 2021-05-25 15:47:09,512 basehttp 14424 7976 "GET /static/assets/vendor/pdfjs/web/static/assets/vendor/pdfjs/images/toolbarButton-menuArrow.svg HTTP/1.1" 404 1883
WARNING 2021-05-25 15:49:53,483 basehttp 14424 24068 "GET /static/assets/vendor/pdfjs/web/static/assets/vendor/pdfjs/images/toolbarButton-menuArrow.svg HTTP/1.1" 404 1883
WARNING 2021-05-25 15:51:04,607 basehttp 740 3312 "GET /static/assets/vendor/pdfjs/web/static/assets/vendor/pdfjs/images/toolbarButton-menuArrow.svg HTTP/1.1" 404 1883
WARNING 2021-05-25 15:51:59,464 basehttp 740 17648 "GET /static/assets/vendor/pdfjs/web/static/assets/vendor/pdfjs/images/toolbarButton-menuArrow.svg HTTP/1.1" 404 1883
WARNING 2021-05-25 15:52:00,568 log 740 11704 Not Found: /favicon.ico
WARNING 2021-05-25 15:52:00,568 basehttp 740 11704 "GET /favicon.ico HTTP/1.1" 404 3465
WARNING 2021-05-25 15:52:11,261 basehttp 740 21040 "GET /static/assets/vendor/pdfjs/web/static/assets/vendor/pdfjs/images/toolbarButton-menuArrow.svg HTTP/1.1" 404 1883
WARNING 2021-05-25 15:52:12,928 log 740 11860 Not Found: /favicon.ico
WARNING 2021-05-25 15:52:12,929 basehttp 740 11860 "GET /favicon.ico HTTP/1.1" 404 3465
WARNING 2021-05-25 15:52:24,033 basehttp 740 7584 "GET /static/assets/vendor/pdfjs/web/static/assets/vendor/pdfjs/images/toolbarButton-menuArrow.svg HTTP/1.1" 404 1883
WARNING 2021-05-25 15:53:01,978 basehttp 740 17904 "GET /static/assets/vendor/pdfjs/web/static/assets/vendor/pdfjs/images/toolbarButton-menuArrow.svg HTTP/1.1" 404 1883
WARNING 2021-05-25 15:53:08,560 log 740 24224 Not Found: /favicon.ico
WARNING 2021-05-25 15:53:08,561 basehttp 740 24224 "GET /favicon.ico HTTP/1.1" 404 3465
WARNING 2021-05-25 15:53:24,234 basehttp 740 11704 "GET /static/assets/vendor/pdfjs/web/static/assets/vendor/pdfjs/images/toolbarButton-menuArrow.svg HTTP/1.1" 404 1883
WARNING 2021-05-25 15:59:45,501 basehttp 16160 21864 "GET /static/assets/vendor/pdfjs/web/static/assets/vendor/pdfjs/images/toolbarButton-menuArrow.svg HTTP/1.1" 404 1883
WARNING 2021-05-25 15:59:57,749 basehttp 16160 14708 "GET /static/assets/vendor/pdfjs/web/static/assets/vendor/pdfjs/images/toolbarButton-menuArrow.svg HTTP/1.1" 404 1883
WARNING 2021-05-25 15:59:58,977 log 16160 23460 Not Found: /favicon.ico
WARNING 2021-05-25 15:59:58,978 basehttp 16160 23460 "GET /favicon.ico HTTP/1.1" 404 3465
WARNING 2021-05-25 16:00:47,930 basehttp 16160 12868 "GET /static/assets/vendor/pdfjs/web/static/assets/vendor/pdfjs/images/toolbarButton-menuArrow.svg HTTP/1.1" 404 1883
WARNING 2021-05-25 16:02:48,729 basehttp 16160 19880 "GET /static/assets/vendor/pdfjs/web/static/assets/vendor/pdfjs/images/toolbarButton-menuArrow.svg HTTP/1.1" 404 1883
WARNING 2021-05-25 16:02:49,921 log 16160 17616 Not Found: /favicon.ico
WARNING 2021-05-25 16:02:49,922 basehttp 16160 17616 "GET /favicon.ico HTTP/1.1" 404 3465
WARNING 2021-05-25 16:03:57,288 basehttp 22904 7764 "GET /static/assets/vendor/pdfjs/web/static/assets/vendor/pdfjs/images/toolbarButton-menuArrow.svg HTTP/1.1" 404 1883
WARNING 2021-05-25 16:03:58,453 log 22904 8512 Not Found: /favicon.ico
WARNING 2021-05-25 16:03:58,454 basehttp 22904 8512 "GET /favicon.ico HTTP/1.1" 404 3465
WARNING 2021-05-25 16:16:02,267 basehttp 22904 7324 "GET /static/assets/vendor/pdfjs/web/static/assets/vendor/pdfjs/images/toolbarButton-menuArrow.svg HTTP/1.1" 404 1883
WARNING 2021-05-25 16:16:03,468 log 22904 18368 Not Found: /favicon.ico
WARNING 2021-05-25 16:16:03,468 basehttp 22904 18368 "GET /favicon.ico HTTP/1.1" 404 3465
WARNING 2021-05-25 16:20:59,671 basehttp 22904 22968 "GET /static/assets/vendor/pdfjs/web/static/assets/vendor/pdfjs/images/toolbarButton-menuArrow.svg HTTP/1.1" 404 1883
WARNING 2021-05-25 16:21:00,880 log 22904 14096 Not Found: /favicon.ico
WARNING 2021-05-25 16:21:00,881 basehttp 22904 14096 "GET /favicon.ico HTTP/1.1" 404 3465
WARNING 2021-05-25 16:21:44,173 basehttp 22904 24616 "GET /static/assets/vendor/pdfjs/web/static/assets/vendor/pdfjs/images/toolbarButton-menuArrow.svg HTTP/1.1" 404 1883
WARNING 2021-05-25 16:21:45,373 log 22904 16988 Not Found: /favicon.ico
WARNING 2021-05-25 16:21:45,374 basehttp 22904 16988 "GET /favicon.ico HTTP/1.1" 404 3465
WARNING 2021-05-25 16:22:10,260 basehttp 22904 16988 "GET /static/assets/vendor/pdfjs/web/static/assets/vendor/pdfjs/images/toolbarButton-menuArrow.svg HTTP/1.1" 404 1883
WARNING 2021-05-25 16:26:14,781 basehttp 22904 17188 "GET /static/assets/vendor/pdfjs/web/static/assets/vendor/pdfjs/images/toolbarButton-menuArrow.svg HTTP/1.1" 404 1883
WARNING 2021-05-25 16:26:16,122 log 22904 1416 Not Found: /favicon.ico
WARNING 2021-05-25 16:26:16,123 basehttp 22904 1416 "GET /favicon.ico HTTP/1.1" 404 3465
WARNING 2021-05-25 16:29:35,905 basehttp 22904 13616 "GET /static/assets/vendor/pdfjs/web/static/assets/vendor/pdfjs/images/toolbarButton-menuArrow.svg HTTP/1.1" 404 1883
WARNING 2021-05-25 16:29:37,141 log 22904 14096 Not Found: /favicon.ico
WARNING 2021-05-25 16:29:37,142 basehttp 22904 14096 "GET /favicon.ico HTTP/1.1" 404 3465
WARNING 2021-05-25 16:31:59,686 basehttp 24644 19652 "GET /static/assets/vendor/pdfjs/web/static/assets/vendor/pdfjs/images/toolbarButton-menuArrow.svg HTTP/1.1" 404 1883
WARNING 2021-05-25 16:35:36,058 basehttp 24644 10992 "GET /static/assets/vendor/pdfjs/web/static/assets/vendor/pdfjs/images/toolbarButton-menuArrow.svg HTTP/1.1" 404 1883
WARNING 2021-05-25 16:35:36,617 log 24644 22576 Not Found: /favicon.ico
WARNING 2021-05-25 16:35:36,618 basehttp 24644 22576 "GET /favicon.ico HTTP/1.1" 404 3465
WARNING 2021-05-25 16:36:50,792 basehttp 24644 16472 "GET /static/assets/vendor/pdfjs/web/static/assets/vendor/pdfjs/images/toolbarButton-menuArrow.svg HTTP/1.1" 404 1883
WARNING 2021-05-25 16:36:51,350 log 24644 2792 Not Found: /favicon.ico
WARNING 2021-05-25 16:36:51,351 basehttp 24644 2792 "GET /favicon.ico HTTP/1.1" 404 3465
WARNING 2021-05-25 16:37:09,369 basehttp 24644 22576 "GET /static/assets/vendor/pdfjs/web/static/assets/vendor/pdfjs/images/toolbarButton-menuArrow.svg HTTP/1.1" 404 1883
WARNING 2021-05-25 16:40:07,650 basehttp 24644 8416 "GET /static/assets/vendor/pdfjs/web/static/assets/vendor/pdfjs/images/toolbarButton-menuArrow.svg HTTP/1.1" 404 1883
WARNING 2021-05-25 16:40:08,932 log 24644 2792 Not Found: /favicon.ico
WARNING 2021-05-25 16:40:08,954 basehttp 24644 2792 "GET /favicon.ico HTTP/1.1" 404 3465
WARNING 2021-05-25 16:40:21,131 basehttp 24644 9272 "GET /static/assets/vendor/pdfjs/web/static/assets/vendor/pdfjs/images/toolbarButton-menuArrow.svg HTTP/1.1" 404 1883
WARNING 2021-05-25 16:40:22,329 log 24644 22900 Not Found: /favicon.ico
WARNING 2021-05-25 16:40:22,329 basehttp 24644 22900 "GET /favicon.ico HTTP/1.1" 404 3465
WARNING 2021-05-25 16:41:36,134 basehttp 24644 25112 "GET /static/assets/vendor/pdfjs/web/static/assets/vendor/pdfjs/images/toolbarButton-menuArrow.svg HTTP/1.1" 404 1883
WARNING 2021-05-25 16:41:37,536 log 24644 12632 Not Found: /favicon.ico
WARNING 2021-05-25 16:41:37,536 basehttp 24644 12632 "GET /favicon.ico HTTP/1.1" 404 3465
WARNING 2021-05-25 16:42:09,277 basehttp 24644 20384 "GET /static/assets/vendor/pdfjs/web/static/assets/vendor/pdfjs/images/toolbarButton-menuArrow.svg HTTP/1.1" 404 1883
WARNING 2021-05-25 16:42:33,281 basehttp 24644 12632 "GET /static/assets/vendor/pdfjs/web/static/assets/vendor/pdfjs/images/toolbarButton-menuArrow.svg HTTP/1.1" 404 1883
WARNING 2021-05-25 16:42:34,692 log 24644 22900 Not Found: /favicon.ico
WARNING 2021-05-25 16:42:34,693 basehttp 24644 22900 "GET /favicon.ico HTTP/1.1" 404 3465
WARNING 2021-05-25 16:43:24,288 basehttp 24644 24444 "GET /static/assets/vendor/pdfjs/web/static/assets/vendor/pdfjs/images/toolbarButton-menuArrow.svg HTTP/1.1" 404 1883
WARNING 2021-05-25 16:43:25,628 log 24644 15392 Not Found: /favicon.ico
WARNING 2021-05-25 16:43:25,629 basehttp 24644 15392 "GET /favicon.ico HTTP/1.1" 404 3465
WARNING 2021-05-25 16:47:12,362 basehttp 24644 15392 "GET /static/assets/vendor/pdfjs/web/static/assets/vendor/pdfjs/images/toolbarButton-menuArrow.svg HTTP/1.1" 404 1883
WARNING 2021-05-25 16:47:13,733 log 24644 24524 Not Found: /favicon.ico
WARNING 2021-05-25 16:47:13,736 basehttp 24644 24524 "GET /favicon.ico HTTP/1.1" 404 3465
WARNING 2021-05-25 16:48:31,178 basehttp 24644 2792 "GET /static/assets/vendor/pdfjs/web/static/assets/vendor/pdfjs/images/toolbarButton-menuArrow.svg HTTP/1.1" 404 1883
WARNING 2021-05-25 16:48:32,678 log 24644 5832 Not Found: /favicon.ico
WARNING 2021-05-25 16:48:32,678 basehttp 24644 5832 "GET /favicon.ico HTTP/1.1" 404 3465
WARNING 2021-05-25 16:48:50,277 basehttp 24644 22900 "GET /static/assets/vendor/pdfjs/web/static/assets/vendor/pdfjs/images/toolbarButton-menuArrow.svg HTTP/1.1" 404 1883
WARNING 2021-05-25 16:48:51,605 log 24644 24144 Not Found: /favicon.ico
WARNING 2021-05-25 16:48:51,608 basehttp 24644 24144 "GET /favicon.ico HTTP/1.1" 404 3465
WARNING 2021-05-25 16:48:58,127 basehttp 24644 5832 "GET /static/assets/vendor/pdfjs/web/static/assets/vendor/pdfjs/images/toolbarButton-menuArrow.svg HTTP/1.1" 404 1883
WARNING 2021-05-25 16:49:44,985 basehttp 24644 19212 "GET /static/assets/vendor/pdfjs/web/static/assets/vendor/pdfjs/images/toolbarButton-menuArrow.svg HTTP/1.1" 404 1883
WARNING 2021-05-25 16:49:46,152 log 24644 11076 Not Found: /favicon.ico
WARNING 2021-05-25 16:49:46,153 basehttp 24644 11076 "GET /favicon.ico HTTP/1.1" 404 3465
WARNING 2021-05-25 16:49:49,393 basehttp 24644 18304 "GET /static/assets/vendor/pdfjs/web/static/assets/vendor/pdfjs/images/toolbarButton-menuArrow.svg HTTP/1.1" 404 1883
WARNING 2021-05-25 16:51:25,277 basehttp 24644 11076 "GET /static/assets/vendor/pdfjs/web/static/assets/vendor/pdfjs/images/toolbarButton-menuArrow.svg HTTP/1.1" 404 1883
WARNING 2021-05-25 16:51:25,809 log 24644 24524 Not Found: /favicon.ico
WARNING 2021-05-25 16:51:25,809 basehttp 24644 24524 "GET /favicon.ico HTTP/1.1" 404 3465
WARNING 2021-05-25 16:55:02,415 basehttp 24644 24524 "GET /static/assets/vendor/pdfjs/web/static/assets/vendor/pdfjs/images/toolbarButton-menuArrow.svg HTTP/1.1" 404 1883
WARNING 2021-05-25 16:55:02,803 log 24644 16632 Not Found: /favicon.ico
WARNING 2021-05-25 16:55:02,804 basehttp 24644 16632 "GET /favicon.ico HTTP/1.1" 404 3465
WARNING 2021-05-25 16:55:40,359 basehttp 24644 21032 "GET /static/assets/vendor/pdfjs/web/static/assets/vendor/pdfjs/images/toolbarButton-menuArrow.svg HTTP/1.1" 404 1883
WARNING 2021-05-25 16:55:40,364 basehttp 24644 25548 "GET /static/assets/vendor/pdfjs/web/static/assets/vendor/pdfjs/images/toolbarButton-menuArrow.svg HTTP/1.1" 404 1883
WARNING 2021-05-25 16:55:40,739 log 24644 24144 Not Found: /favicon.ico
WARNING 2021-05-25 16:55:40,740 basehttp 24644 24144 "GET /favicon.ico HTTP/1.1" 404 3465
WARNING 2021-05-25 16:56:43,122 basehttp 24644 20928 "GET /static/assets/vendor/pdfjs/web/static/assets/vendor/pdfjs/images/toolbarButton-menuArrow.svg HTTP/1.1" 404 1883
WARNING 2021-05-25 16:56:44,000 log 24644 4344 Not Found: /favicon.ico
WARNING 2021-05-25 16:56:44,001 basehttp 24644 4344 "GET /favicon.ico HTTP/1.1" 404 3465
WARNING 2021-05-25 16:56:56,738 basehttp 24644 4344 "GET /static/assets/vendor/pdfjs/web/static/assets/vendor/pdfjs/images/toolbarButton-menuArrow.svg HTTP/1.1" 404 1883
WARNING 2021-05-25 16:57:12,858 basehttp 24644 16632 "GET /static/assets/vendor/pdfjs/web/static/assets/vendor/pdfjs/images/toolbarButton-menuArrow.svg HTTP/1.1" 404 1883
WARNING 2021-05-25 16:57:29,894 basehttp 24644 22768 "GET /static/assets/vendor/pdfjs/web/static/assets/vendor/pdfjs/images/toolbarButton-menuArrow.svg HTTP/1.1" 404 1883
WARNING 2021-05-25 16:57:36,742 basehttp 24644 14644 "GET /static/assets/vendor/pdfjs/web/static/assets/vendor/pdfjs/images/toolbarButton-menuArrow.svg HTTP/1.1" 404 1883
WARNING 2021-05-25 16:57:36,746 basehttp 24644 19096 "GET /static/assets/vendor/pdfjs/web/static/assets/vendor/pdfjs/images/toolbarButton-menuArrow.svg HTTP/1.1" 404 1883
WARNING 2021-05-25 16:57:37,288 log 24644 24144 Not Found: /favicon.ico
WARNING 2021-05-25 16:57:37,289 basehttp 24644 24144 "GET /favicon.ico HTTP/1.1" 404 3465
WARNING 2021-05-25 16:57:51,878 basehttp 24644 24144 "GET /static/assets/vendor/pdfjs/web/static/assets/vendor/pdfjs/images/toolbarButton-menuArrow.svg HTTP/1.1" 404 1883
WARNING 2021-05-25 16:58:01,307 basehttp 24644 18528 "GET /static/assets/vendor/pdfjs/web/static/assets/vendor/pdfjs/images/toolbarButton-menuArrow.svg HTTP/1.1" 404 1883
WARNING 2021-05-25 16:58:14,593 basehttp 24644 3752 "GET /static/assets/vendor/pdfjs/web/static/assets/vendor/pdfjs/images/toolbarButton-menuArrow.svg HTTP/1.1" 404 1883
WARNING 2021-05-25 16:59:10,795 basehttp 24644 24828 "GET /static/assets/vendor/pdfjs/web/static/assets/vendor/pdfjs/images/toolbarButton-menuArrow.svg HTTP/1.1" 404 1883
WARNING 2021-05-25 16:59:19,514 basehttp 24644 12324 "GET /static/assets/vendor/pdfjs/web/static/assets/vendor/pdfjs/images/toolbarButton-menuArrow.svg HTTP/1.1" 404 1883
WARNING 2021-05-25 16:59:28,110 basehttp 24644 24120 "GET /static/assets/vendor/pdfjs/web/static/assets/vendor/pdfjs/images/toolbarButton-menuArrow.svg HTTP/1.1" 404 1883
WARNING 2021-05-25 16:59:34,688 basehttp 24644 22300 "GET /static/assets/vendor/pdfjs/web/static/assets/vendor/pdfjs/images/toolbarButton-menuArrow.svg HTTP/1.1" 404 1883
WARNING 2021-05-25 16:59:35,149 log 24644 1440 Not Found: /favicon.ico
WARNING 2021-05-25 16:59:35,150 basehttp 24644 1440 "GET /favicon.ico HTTP/1.1" 404 3465
WARNING 2021-05-25 16:59:54,517 basehttp 24644 4732 "GET /static/assets/vendor/pdfjs/web/static/assets/vendor/pdfjs/images/toolbarButton-menuArrow.svg HTTP/1.1" 404 1883
WARNING 2021-05-25 17:00:19,238 basehttp 24644 13696 "GET /static/assets/vendor/pdfjs/web/static/assets/vendor/pdfjs/images/toolbarButton-menuArrow.svg HTTP/1.1" 404 1883
WARNING 2021-05-25 17:00:20,410 log 24644 24976 Not Found: /favicon.ico
WARNING 2021-05-25 17:00:20,411 basehttp 24644 24976 "GET /favicon.ico HTTP/1.1" 404 3465
WARNING 2021-05-25 17:00:40,996 basehttp 24644 1440 "GET /static/assets/vendor/pdfjs/web/static/assets/vendor/pdfjs/images/toolbarButton-menuArrow.svg HTTP/1.1" 404 1883
WARNING 2021-05-25 17:00:57,926 basehttp 24644 24976 "GET /static/assets/vendor/pdfjs/web/static/assets/vendor/pdfjs/images/toolbarButton-menuArrow.svg HTTP/1.1" 404 1883
WARNING 2021-05-25 17:01:05,375 basehttp 24644 24824 "GET /static/assets/vendor/pdfjs/web/static/assets/vendor/pdfjs/images/toolbarButton-menuArrow.svg HTTP/1.1" 404 1883
WARNING 2021-05-25 17:01:06,448 log 24644 1280 Not Found: /favicon.ico
WARNING 2021-05-25 17:01:06,448 basehttp 24644 1280 "GET /favicon.ico HTTP/1.1" 404 3465
WARNING 2021-05-25 17:01:12,534 basehttp 24644 7604 "GET /static/assets/vendor/pdfjs/web/static/assets/vendor/pdfjs/images/toolbarButton-menuArrow.svg HTTP/1.1" 404 1883
WARNING 2021-05-25 17:01:28,604 basehttp 24644 2352 "GET /static/assets/vendor/pdfjs/web/static/assets/vendor/pdfjs/images/toolbarButton-menuArrow.svg HTTP/1.1" 404 1883
ERROR 2021-05-25 18:07:53,177 log 21072 12376 Internal Server Error: /a0P04000000Gew4EAC/
Traceback (most recent call last):
  File "C:\Users\vsevo\.virtualenvs\kiwapower_web_proposal-4V7KCttA\lib\site-packages\django\core\handlers\exception.py", line 47, in inner
    response = get_response(request)
  File "C:\Users\vsevo\.virtualenvs\kiwapower_web_proposal-4V7KCttA\lib\site-packages\django\core\handlers\base.py", line 181, in _get_response
    response = wrapped_callback(request, *callback_args, **callback_kwargs)
  File "C:\Users\vsevo\.virtualenvs\kiwapower_web_proposal-4V7KCttA\lib\site-packages\django\views\generic\base.py", line 70, in view
    return self.dispatch(request, *args, **kwargs)
  File "C:\Users\vsevo\.virtualenvs\kiwapower_web_proposal-4V7KCttA\lib\site-packages\django\views\generic\base.py", line 98, in dispatch
    return handler(request, *args, **kwargs)
  File "F:\workspace\django\kiwapower_web_proposal\proposal\services.py", line 23, in clocked
    result = func(*args, **kwargs)
  File "F:\workspace\django\kiwapower_web_proposal\proposal\views.py", line 37, in post
    services.additional_trusted_email_confirmation(request, proposal_id)
  File "F:\workspace\django\kiwapower_web_proposal\proposal\services.py", line 607, in additional_trusted_email_confirmation
    client_ip = request.META['HTTP_X_REAL_IP']
KeyError: 'HTTP_X_REAL_IP'
ERROR 2021-05-25 18:07:53,179 basehttp 21072 12376 "POST /a0P04000000Gew4EAC/ HTTP/1.1" 500 88916
WARNING 2021-05-25 18:07:53,529 log 21072 12376 Not Found: /favicon.ico
WARNING 2021-05-25 18:07:53,530 basehttp 21072 12376 "GET /favicon.ico HTTP/1.1" 404 3337
ERROR 2021-05-25 18:08:05,840 log 21660 18804 Internal Server Error: /a0P04000000Gew4EAC/
Traceback (most recent call last):
  File "C:\Users\vsevo\.virtualenvs\kiwapower_web_proposal-4V7KCttA\lib\site-packages\django\core\handlers\exception.py", line 47, in inner
    response = get_response(request)
  File "C:\Users\vsevo\.virtualenvs\kiwapower_web_proposal-4V7KCttA\lib\site-packages\django\core\handlers\base.py", line 181, in _get_response
    response = wrapped_callback(request, *callback_args, **callback_kwargs)
  File "C:\Users\vsevo\.virtualenvs\kiwapower_web_proposal-4V7KCttA\lib\site-packages\django\views\generic\base.py", line 70, in view
    return self.dispatch(request, *args, **kwargs)
  File "C:\Users\vsevo\.virtualenvs\kiwapower_web_proposal-4V7KCttA\lib\site-packages\django\views\generic\base.py", line 98, in dispatch
    return handler(request, *args, **kwargs)
  File "F:\workspace\django\kiwapower_web_proposal\proposal\services.py", line 23, in clocked
    result = func(*args, **kwargs)
  File "F:\workspace\django\kiwapower_web_proposal\proposal\views.py", line 37, in post
    services.additional_trusted_email_confirmation(request, proposal_id)
  File "F:\workspace\django\kiwapower_web_proposal\proposal\services.py", line 607, in additional_trusted_email_confirmation
    client_ip = request.META['HTTP_X_REAL_IP']
KeyError: 'HTTP_X_REAL_IP'
ERROR 2021-05-25 18:08:05,842 basehttp 21660 18804 "POST /a0P04000000Gew4EAC/ HTTP/1.1" 500 88913
ERROR 2021-05-25 18:08:09,464 log 21660 18804 Internal Server Error: /a0P04000000Gew4EAC/
Traceback (most recent call last):
  File "C:\Users\vsevo\.virtualenvs\kiwapower_web_proposal-4V7KCttA\lib\site-packages\django\core\handlers\exception.py", line 47, in inner
    response = get_response(request)
  File "C:\Users\vsevo\.virtualenvs\kiwapower_web_proposal-4V7KCttA\lib\site-packages\django\core\handlers\base.py", line 181, in _get_response
    response = wrapped_callback(request, *callback_args, **callback_kwargs)
  File "C:\Users\vsevo\.virtualenvs\kiwapower_web_proposal-4V7KCttA\lib\site-packages\django\views\generic\base.py", line 70, in view
    return self.dispatch(request, *args, **kwargs)
  File "C:\Users\vsevo\.virtualenvs\kiwapower_web_proposal-4V7KCttA\lib\site-packages\django\views\generic\base.py", line 98, in dispatch
    return handler(request, *args, **kwargs)
  File "F:\workspace\django\kiwapower_web_proposal\proposal\services.py", line 23, in clocked
    result = func(*args, **kwargs)
  File "F:\workspace\django\kiwapower_web_proposal\proposal\views.py", line 37, in post
    services.additional_trusted_email_confirmation(request, proposal_id)
  File "F:\workspace\django\kiwapower_web_proposal\proposal\services.py", line 607, in additional_trusted_email_confirmation
    client_ip = request.META['HTTP_X_REAL_IP']
KeyError: 'HTTP_X_REAL_IP'
ERROR 2021-05-25 18:08:09,466 basehttp 21660 18804 "POST /a0P04000000Gew4EAC/ HTTP/1.1" 500 88915
ERROR 2021-05-25 18:08:15,185 log 21660 18804 Internal Server Error: /a0P04000000Gew4EAC/
Traceback (most recent call last):
  File "C:\Users\vsevo\.virtualenvs\kiwapower_web_proposal-4V7KCttA\lib\site-packages\django\core\handlers\exception.py", line 47, in inner
    response = get_response(request)
  File "C:\Users\vsevo\.virtualenvs\kiwapower_web_proposal-4V7KCttA\lib\site-packages\django\core\handlers\base.py", line 181, in _get_response
    response = wrapped_callback(request, *callback_args, **callback_kwargs)
  File "C:\Users\vsevo\.virtualenvs\kiwapower_web_proposal-4V7KCttA\lib\site-packages\django\views\generic\base.py", line 70, in view
    return self.dispatch(request, *args, **kwargs)
  File "C:\Users\vsevo\.virtualenvs\kiwapower_web_proposal-4V7KCttA\lib\site-packages\django\views\generic\base.py", line 98, in dispatch
    return handler(request, *args, **kwargs)
  File "F:\workspace\django\kiwapower_web_proposal\proposal\services.py", line 23, in clocked
    result = func(*args, **kwargs)
  File "F:\workspace\django\kiwapower_web_proposal\proposal\views.py", line 37, in post
    services.additional_trusted_email_confirmation(request, proposal_id)
  File "F:\workspace\django\kiwapower_web_proposal\proposal\services.py", line 607, in additional_trusted_email_confirmation
    client_ip = request.META['HTTP_X_REAL_IP']
KeyError: 'HTTP_X_REAL_IP'
ERROR 2021-05-25 18:08:15,188 basehttp 21660 18804 "POST /a0P04000000Gew4EAC/ HTTP/1.1" 500 88916
ERROR 2021-05-25 18:08:35,149 log 21660 25168 Internal Server Error: /a0P04000000Gew4EAC/
Traceback (most recent call last):
  File "C:\Users\vsevo\.virtualenvs\kiwapower_web_proposal-4V7KCttA\lib\site-packages\django\core\handlers\exception.py", line 47, in inner
    response = get_response(request)
  File "C:\Users\vsevo\.virtualenvs\kiwapower_web_proposal-4V7KCttA\lib\site-packages\django\core\handlers\base.py", line 181, in _get_response
    response = wrapped_callback(request, *callback_args, **callback_kwargs)
  File "C:\Users\vsevo\.virtualenvs\kiwapower_web_proposal-4V7KCttA\lib\site-packages\django\views\generic\base.py", line 70, in view
    return self.dispatch(request, *args, **kwargs)
  File "C:\Users\vsevo\.virtualenvs\kiwapower_web_proposal-4V7KCttA\lib\site-packages\django\views\generic\base.py", line 98, in dispatch
    return handler(request, *args, **kwargs)
  File "F:\workspace\django\kiwapower_web_proposal\proposal\services.py", line 23, in clocked
    result = func(*args, **kwargs)
  File "F:\workspace\django\kiwapower_web_proposal\proposal\views.py", line 37, in post
    services.additional_trusted_email_confirmation(request, proposal_id)
  File "F:\workspace\django\kiwapower_web_proposal\proposal\services.py", line 607, in additional_trusted_email_confirmation
    client_ip = request.META['HTTP_X_REAL_IP']
KeyError: 'HTTP_X_REAL_IP'
ERROR 2021-05-25 18:08:35,150 basehttp 21660 25168 "POST /a0P04000000Gew4EAC/ HTTP/1.1" 500 88916
WARNING 2021-05-25 18:08:35,496 log 21660 25168 Not Found: /favicon.ico
WARNING 2021-05-25 18:08:35,496 basehttp 21660 25168 "GET /favicon.ico HTTP/1.1" 404 3337
